2026-01-25 11:40:06 [ERROR] config\CSC\config.toml (The system cannot find the file specified)
2026-01-25 11:40:08 [INFO] CSC is loading...   Success！
2026-01-25 11:40:12 [INFO]   Detected cloud rule update, preparing to download~
2026-01-25 11:40:12 [INFO]   Update completed~
2026-01-25 11:41:17 [INFO]    _____  _____  _____ 
2026-01-25 11:41:17 [INFO]   / ____|/ ____|/ ____|
2026-01-25 11:41:17 [INFO]  | |    | (___ | |        [CSC] Version: v0.21
2026-01-25 11:41:17 [INFO]  | |     \___ \| |        Minecraft Version: 1.20.1 forge
2026-01-25 11:41:17 [INFO]  | |____ ____) | |____    Problem/Feedback: Tencent QQ：1061133894
2026-01-25 11:41:17 [INFO]   \_____|_____/ \_____|
2026-01-25 11:41:17 [INFO]                        
2026-01-25 12:58:50 [INFO] CSC close completely, thanks for using!
2026-01-25 17:50:41 [INFO] CSC is loading...   Success！
2026-01-25 17:51:51 [INFO]    _____  _____  _____ 
2026-01-25 17:51:51 [INFO]   / ____|/ ____|/ ____|
2026-01-25 17:51:51 [INFO]  | |    | (___ | |        [CSC] Version: v0.21
2026-01-25 17:51:51 [INFO]  | |     \___ \| |        Minecraft Version: 1.20.1 forge
2026-01-25 17:51:51 [INFO]  | |____ ____) | |____    Problem/Feedback: Tencent QQ：1061133894
2026-01-25 17:51:51 [INFO]   \_____|_____/ \_____|
2026-01-25 17:51:51 [INFO]                        
2026-01-25 17:54:02 [INFO] CSC close completely, thanks for using!
2026-01-25 17:55:10 [INFO] CSC is loading...   Success！
2026-01-25 17:55:31 [INFO]    _____  _____  _____ 
2026-01-25 17:55:31 [INFO]   / ____|/ ____|/ ____|
2026-01-25 17:55:31 [INFO]  | |    | (___ | |        [CSC] Version: v0.21
2026-01-25 17:55:31 [INFO]  | |     \___ \| |        Minecraft Version: 1.20.1 forge
2026-01-25 17:55:31 [INFO]  | |____ ____) | |____    Problem/Feedback: Tencent QQ：1061133894
2026-01-25 17:55:31 [INFO]   \_____|_____/ \_____|
2026-01-25 17:55:31 [INFO]                        
2026-01-25 18:04:22 [INFO] CSC close completely, thanks for using!
2026-01-25 18:09:18 [INFO] CSC is loading...   Success！
2026-01-25 18:09:41 [INFO]    _____  _____  _____ 
2026-01-25 18:09:41 [INFO]   / ____|/ ____|/ ____|
2026-01-25 18:09:41 [INFO]  | |    | (___ | |        [CSC] Version: v0.21
2026-01-25 18:09:41 [INFO]  | |     \___ \| |        Minecraft Version: 1.20.1 forge
2026-01-25 18:09:41 [INFO]  | |____ ____) | |____    Problem/Feedback: Tencent QQ：1061133894
2026-01-25 18:09:41 [INFO]   \_____|_____/ \_____|
2026-01-25 18:09:41 [INFO]                        
2026-01-25 18:36:11 [INFO] CSC close completely, thanks for using!
2026-01-25 18:36:16 [INFO]    _____  _____  _____ 
2026-01-25 18:36:16 [INFO]   / ____|/ ____|/ ____|
2026-01-25 18:36:16 [INFO]  | |    | (___ | |        [CSC] Version: v0.21
2026-01-25 18:36:16 [INFO]  | |     \___ \| |        Minecraft Version: 1.20.1 forge
2026-01-25 18:36:16 [INFO]  | |____ ____) | |____    Problem/Feedback: Tencent QQ：1061133894
2026-01-25 18:36:16 [INFO]   \_____|_____/ \_____|
2026-01-25 18:36:16 [INFO]                        
2026-01-25 18:54:56 [INFO] CSC close completely, thanks for using!
2026-01-25 18:55:55 [INFO] CSC is loading...   Success！
2026-01-25 18:57:51 [INFO]    _____  _____  _____ 
2026-01-25 18:57:51 [INFO]   / ____|/ ____|/ ____|
2026-01-25 18:57:51 [INFO]  | |    | (___ | |        [CSC] Version: v0.21
2026-01-25 18:57:51 [INFO]  | |     \___ \| |        Minecraft Version: 1.20.1 forge
2026-01-25 18:57:51 [INFO]  | |____ ____) | |____    Problem/Feedback: Tencent QQ：1061133894
2026-01-25 18:57:51 [INFO]   \_____|_____/ \_____|
2026-01-25 18:57:51 [INFO]                        
2026-01-25 20:38:41 [INFO] CSC close completely, thanks for using!
2026-01-25 20:39:50 [INFO] CSC is loading...   Success！
2026-01-25 20:43:16 [INFO] CSC is loading...   Success！
2026-01-25 20:47:51 [INFO] CSC is loading...   Success！
2026-01-27 12:35:50 [INFO] CSC is loading...   Success！
2026-01-27 12:46:57 [INFO]    _____  _____  _____ 
2026-01-27 12:46:57 [INFO]   / ____|/ ____|/ ____|
2026-01-27 12:46:57 [INFO]  | |    | (___ | |        [CSC] Version: v0.21
2026-01-27 12:46:57 [INFO]  | |     \___ \| |        Minecraft Version: 1.20.1 forge
2026-01-27 12:46:57 [INFO]  | |____ ____) | |____    Problem/Feedback: Tencent QQ：1061133894
2026-01-27 12:46:57 [INFO]   \_____|_____/ \_____|
2026-01-27 12:46:57 [INFO]                        
2026-01-27 13:29:31 [INFO] CSC close completely, thanks for using!
2026-01-27 13:41:42 [INFO] CSC is loading...   Success！
2026-01-27 13:42:05 [INFO]    _____  _____  _____ 
2026-01-27 13:42:05 [INFO]   / ____|/ ____|/ ____|
2026-01-27 13:42:05 [INFO]  | |    | (___ | |        [CSC] Version: v0.21
2026-01-27 13:42:05 [INFO]  | |     \___ \| |        Minecraft Version: 1.20.1 forge
2026-01-27 13:42:05 [INFO]  | |____ ____) | |____    Problem/Feedback: Tencent QQ：1061133894
2026-01-27 13:42:05 [INFO]   \_____|_____/ \_____|
2026-01-27 13:42:05 [INFO]                        
2026-01-27 14:25:53 [INFO] CSC close completely, thanks for using!
2026-01-27 14:33:38 [INFO] CSC is loading...   Success！
2026-01-27 14:34:40 [INFO]    _____  _____  _____ 
2026-01-27 14:34:40 [INFO]   / ____|/ ____|/ ____|
2026-01-27 14:34:40 [INFO]  | |    | (___ | |        [CSC] Version: v0.21
2026-01-27 14:34:40 [INFO]  | |     \___ \| |        Minecraft Version: 1.20.1 forge
2026-01-27 14:34:40 [INFO]  | |____ ____) | |____    Problem/Feedback: Tencent QQ：1061133894
2026-01-27 14:34:40 [INFO]   \_____|_____/ \_____|
2026-01-27 14:34:40 [INFO]                        
2026-01-27 14:36:49 [INFO] CSC close completely, thanks for using!
2026-01-27 14:37:24 [INFO] CSC is loading...   Success！
2026-01-27 14:39:44 [INFO]    _____  _____  _____ 
2026-01-27 14:39:44 [INFO]   / ____|/ ____|/ ____|
2026-01-27 14:39:44 [INFO]  | |    | (___ | |        [CSC] Version: v0.21
2026-01-27 14:39:44 [INFO]  | |     \___ \| |        Minecraft Version: 1.20.1 forge
2026-01-27 14:39:44 [INFO]  | |____ ____) | |____    Problem/Feedback: Tencent QQ：1061133894
2026-01-27 14:39:44 [INFO]   \_____|_____/ \_____|
2026-01-27 14:39:44 [INFO]                        
2026-01-27 14:40:12 [INFO] CSC close completely, thanks for using!
2026-01-27 14:40:45 [INFO] CSC is loading...   Success！
2026-01-27 14:42:34 [INFO]    _____  _____  _____ 
2026-01-27 14:42:34 [INFO]   / ____|/ ____|/ ____|
2026-01-27 14:42:34 [INFO]  | |    | (___ | |        [CSC] Version: v0.21
2026-01-27 14:42:34 [INFO]  | |     \___ \| |        Minecraft Version: 1.20.1 forge
2026-01-27 14:42:34 [INFO]  | |____ ____) | |____    Problem/Feedback: Tencent QQ：1061133894
2026-01-27 14:42:34 [INFO]   \_____|_____/ \_____|
2026-01-27 14:42:34 [INFO]                        
2026-01-27 14:44:32 [INFO] CSC close completely, thanks for using!
2026-01-27 14:48:35 [INFO] CSC is loading...   Success！
2026-01-27 14:48:53 [INFO]    _____  _____  _____ 
2026-01-27 14:48:53 [INFO]   / ____|/ ____|/ ____|
2026-01-27 14:48:53 [INFO]  | |    | (___ | |        [CSC] Version: v0.21
2026-01-27 14:48:53 [INFO]  | |     \___ \| |        Minecraft Version: 1.20.1 forge
2026-01-27 14:48:53 [INFO]  | |____ ____) | |____    Problem/Feedback: Tencent QQ：1061133894
2026-01-27 14:48:53 [INFO]   \_____|_____/ \_____|
2026-01-27 14:48:53 [INFO]                        
2026-01-27 14:52:37 [INFO] CSC close completely, thanks for using!
2026-01-27 14:56:28 [INFO] CSC is loading...   Success！
2026-01-27 14:56:53 [INFO]    _____  _____  _____ 
2026-01-27 14:56:53 [INFO]   / ____|/ ____|/ ____|
2026-01-27 14:56:53 [INFO]  | |    | (___ | |        [CSC] Version: v0.21
2026-01-27 14:56:53 [INFO]  | |     \___ \| |        Minecraft Version: 1.20.1 forge
2026-01-27 14:56:53 [INFO]  | |____ ____) | |____    Problem/Feedback: Tencent QQ：1061133894
2026-01-27 14:56:53 [INFO]   \_____|_____/ \_____|
2026-01-27 14:56:53 [INFO]                        
2026-01-27 14:58:10 [INFO] CSC close completely, thanks for using!
2026-01-27 15:00:59 [INFO] CSC is loading...   Success！
2026-01-27 15:01:22 [INFO]    _____  _____  _____ 
2026-01-27 15:01:22 [INFO]   / ____|/ ____|/ ____|
2026-01-27 15:01:22 [INFO]  | |    | (___ | |        [CSC] Version: v0.21
2026-01-27 15:01:22 [INFO]  | |     \___ \| |        Minecraft Version: 1.20.1 forge
2026-01-27 15:01:22 [INFO]  | |____ ____) | |____    Problem/Feedback: Tencent QQ：1061133894
2026-01-27 15:01:22 [INFO]   \_____|_____/ \_____|
2026-01-27 15:01:22 [INFO]                        
2026-01-27 15:02:02 [INFO] CSC close completely, thanks for using!
2026-01-27 15:02:09 [INFO]    _____  _____  _____ 
2026-01-27 15:02:09 [INFO]   / ____|/ ____|/ ____|
2026-01-27 15:02:09 [INFO]  | |    | (___ | |        [CSC] Version: v0.21
2026-01-27 15:02:09 [INFO]  | |     \___ \| |        Minecraft Version: 1.20.1 forge
2026-01-27 15:02:09 [INFO]  | |____ ____) | |____    Problem/Feedback: Tencent QQ：1061133894
2026-01-27 15:02:09 [INFO]   \_____|_____/ \_____|
2026-01-27 15:02:09 [INFO]                        
2026-01-27 15:05:46 [INFO] CSC close completely, thanks for using!
2026-01-27 15:07:07 [INFO] CSC is loading...   Success！
2026-01-27 15:11:55 [INFO] CSC is loading...   Success！
2026-01-27 15:15:09 [INFO]    _____  _____  _____ 
2026-01-27 15:15:09 [INFO]   / ____|/ ____|/ ____|
2026-01-27 15:15:09 [INFO]  | |    | (___ | |        [CSC] Version: v0.21
2026-01-27 15:15:09 [INFO]  | |     \___ \| |        Minecraft Version: 1.20.1 forge
2026-01-27 15:15:09 [INFO]  | |____ ____) | |____    Problem/Feedback: Tencent QQ：1061133894
2026-01-27 15:15:09 [INFO]   \_____|_____/ \_____|
2026-01-27 15:15:09 [INFO]                        
2026-01-27 15:15:45 [INFO] CSC close completely, thanks for using!
2026-01-27 15:18:20 [INFO] CSC is loading...   Success！
2026-01-27 15:19:56 [INFO]    _____  _____  _____ 
2026-01-27 15:19:56 [INFO]   / ____|/ ____|/ ____|
2026-01-27 15:19:56 [INFO]  | |    | (___ | |        [CSC] Version: v0.21
2026-01-27 15:19:56 [INFO]  | |     \___ \| |        Minecraft Version: 1.20.1 forge
2026-01-27 15:19:56 [INFO]  | |____ ____) | |____    Problem/Feedback: Tencent QQ：1061133894
2026-01-27 15:19:56 [INFO]   \_____|_____/ \_____|
2026-01-27 15:19:56 [INFO]                        
2026-01-27 16:27:38 [INFO] CSC close completely, thanks for using!
2026-01-27 16:29:58 [INFO]    _____  _____  _____ 
2026-01-27 16:29:58 [INFO]   / ____|/ ____|/ ____|
2026-01-27 16:29:58 [INFO]  | |    | (___ | |        [CSC] Version: v0.21
2026-01-27 16:29:58 [INFO]  | |     \___ \| |        Minecraft Version: 1.20.1 forge
2026-01-27 16:29:58 [INFO]  | |____ ____) | |____    Problem/Feedback: Tencent QQ：1061133894
2026-01-27 16:29:58 [INFO]   \_____|_____/ \_____|
2026-01-27 16:29:58 [INFO]                        
2026-01-27 16:31:31 [INFO] CSC close completely, thanks for using!
2026-01-27 16:31:49 [INFO]    _____  _____  _____ 
2026-01-27 16:31:49 [INFO]   / ____|/ ____|/ ____|
2026-01-27 16:31:49 [INFO]  | |    | (___ | |        [CSC] Version: v0.21
2026-01-27 16:31:49 [INFO]  | |     \___ \| |        Minecraft Version: 1.20.1 forge
2026-01-27 16:31:49 [INFO]  | |____ ____) | |____    Problem/Feedback: Tencent QQ：1061133894
2026-01-27 16:31:49 [INFO]   \_____|_____/ \_____|
2026-01-27 16:31:49 [INFO]                        
2026-01-27 17:29:14 [INFO] CSC close completely, thanks for using!
2026-01-27 17:30:03 [INFO] CSC is loading...   Success！
2026-01-27 17:31:01 [INFO]    _____  _____  _____ 
2026-01-27 17:31:01 [INFO]   / ____|/ ____|/ ____|
2026-01-27 17:31:01 [INFO]  | |    | (___ | |        [CSC] Version: v0.21
2026-01-27 17:31:01 [INFO]  | |     \___ \| |        Minecraft Version: 1.20.1 forge
2026-01-27 17:31:01 [INFO]  | |____ ____) | |____    Problem/Feedback: Tencent QQ：1061133894
2026-01-27 17:31:01 [INFO]   \_____|_____/ \_____|
2026-01-27 17:31:01 [INFO]                        
2026-01-27 17:43:47 [INFO] CSC close completely, thanks for using!
2026-01-27 17:44:25 [INFO] CSC is loading...   Success！
2026-01-27 17:44:58 [INFO]    _____  _____  _____ 
2026-01-27 17:44:58 [INFO]   / ____|/ ____|/ ____|
2026-01-27 17:44:58 [INFO]  | |    | (___ | |        [CSC] Version: v0.21
2026-01-27 17:44:58 [INFO]  | |     \___ \| |        Minecraft Version: 1.20.1 forge
2026-01-27 17:44:58 [INFO]  | |____ ____) | |____    Problem/Feedback: Tencent QQ：1061133894
2026-01-27 17:44:58 [INFO]   \_____|_____/ \_____|
2026-01-27 17:44:58 [INFO]                        
2026-01-27 17:45:24 [INFO] CSC close completely, thanks for using!
2026-01-27 17:46:26 [INFO] CSC is loading...   Success！
2026-01-27 17:48:42 [INFO]    _____  _____  _____ 
2026-01-27 17:48:42 [INFO]   / ____|/ ____|/ ____|
2026-01-27 17:48:42 [INFO]  | |    | (___ | |        [CSC] Version: v0.21
2026-01-27 17:48:42 [INFO]  | |     \___ \| |        Minecraft Version: 1.20.1 forge
2026-01-27 17:48:42 [INFO]  | |____ ____) | |____    Problem/Feedback: Tencent QQ：1061133894
2026-01-27 17:48:42 [INFO]   \_____|_____/ \_____|
2026-01-27 17:48:42 [INFO]                        
2026-01-27 17:49:30 [INFO] CSC close completely, thanks for using!
2026-01-27 17:50:09 [INFO] CSC is loading...   Success！
2026-01-27 17:54:21 [INFO]    _____  _____  _____ 
2026-01-27 17:54:21 [INFO]   / ____|/ ____|/ ____|
2026-01-27 17:54:21 [INFO]  | |    | (___ | |        [CSC] Version: v0.21
2026-01-27 17:54:21 [INFO]  | |     \___ \| |        Minecraft Version: 1.20.1 forge
2026-01-27 17:54:21 [INFO]  | |____ ____) | |____    Problem/Feedback: Tencent QQ：1061133894
2026-01-27 17:54:21 [INFO]   \_____|_____/ \_____|
2026-01-27 17:54:21 [INFO]                        
2026-01-27 17:54:48 [INFO] CSC close completely, thanks for using!
2026-01-27 17:55:42 [INFO]    _____  _____  _____ 
2026-01-27 17:55:42 [INFO]   / ____|/ ____|/ ____|
2026-01-27 17:55:42 [INFO]  | |    | (___ | |        [CSC] Version: v0.21
2026-01-27 17:55:42 [INFO]  | |     \___ \| |        Minecraft Version: 1.20.1 forge
2026-01-27 17:55:42 [INFO]  | |____ ____) | |____    Problem/Feedback: Tencent QQ：1061133894
2026-01-27 17:55:42 [INFO]   \_____|_____/ \_____|
2026-01-27 17:55:42 [INFO]                        
2026-01-27 20:50:30 [INFO] CSC close completely, thanks for using!
2026-01-28 19:07:48 [INFO] CSC is loading...   Success！
2026-01-28 19:08:41 [INFO]    _____  _____  _____ 
2026-01-28 19:08:41 [INFO]   / ____|/ ____|/ ____|
2026-01-28 19:08:41 [INFO]  | |    | (___ | |        [CSC] Version: v0.21
2026-01-28 19:08:41 [INFO]  | |     \___ \| |        Minecraft Version: 1.20.1 forge
2026-01-28 19:08:41 [INFO]  | |____ ____) | |____    Problem/Feedback: Tencent QQ：1061133894
2026-01-28 19:08:41 [INFO]   \_____|_____/ \_____|
2026-01-28 19:08:41 [INFO]                        
2026-01-28 19:43:56 [INFO] CSC close completely, thanks for using!
2026-01-31 12:27:53 [INFO] CSC is loading...   Success！
2026-01-31 12:29:06 [INFO] CSC is loading...   Success！
2026-01-31 12:29:28 [INFO]    _____  _____  _____ 
2026-01-31 12:29:28 [INFO]   / ____|/ ____|/ ____|
2026-01-31 12:29:28 [INFO]  | |    | (___ | |        [CSC] Version: v0.21
2026-01-31 12:29:28 [INFO]  | |     \___ \| |        Minecraft Version: 1.20.1 forge
2026-01-31 12:29:28 [INFO]  | |____ ____) | |____    Problem/Feedback: Tencent QQ：1061133894
2026-01-31 12:29:28 [INFO]   \_____|_____/ \_____|
2026-01-31 12:29:28 [INFO]                        
2026-01-31 13:13:44 [INFO] CSC close completely, thanks for using!
2026-02-01 19:00:59 [INFO] CSC is loading...   Success！
2026-02-01 19:01:21 [INFO]    _____  _____  _____ 
2026-02-01 19:01:21 [INFO]   / ____|/ ____|/ ____|
2026-02-01 19:01:21 [INFO]  | |    | (___ | |        [CSC] Version: v0.21
2026-02-01 19:01:21 [INFO]  | |     \___ \| |        Minecraft Version: 1.20.1 forge
2026-02-01 19:01:21 [INFO]  | |____ ____) | |____    Problem/Feedback: Tencent QQ：1061133894
2026-02-01 19:01:21 [INFO]   \_____|_____/ \_____|
2026-02-01 19:01:21 [INFO]                        
2026-02-01 19:02:25 [INFO] CSC close completely, thanks for using!
2026-02-01 19:10:03 [INFO] CSC is loading...   Success！
2026-02-02 19:08:54 [INFO] CSC is loading...   Success！
2026-02-02 19:09:27 [INFO]    _____  _____  _____ 
2026-02-02 19:09:27 [INFO]   / ____|/ ____|/ ____|
2026-02-02 19:09:27 [INFO]  | |    | (___ | |        [CSC] Version: v0.21
2026-02-02 19:09:27 [INFO]  | |     \___ \| |        Minecraft Version: 1.20.1 forge
2026-02-02 19:09:27 [INFO]  | |____ ____) | |____    Problem/Feedback: Tencent QQ：1061133894
2026-02-02 19:09:27 [INFO]   \_____|_____/ \_____|
2026-02-02 19:09:27 [INFO]                        
2026-02-02 19:09:54 [INFO] CSC close completely, thanks for using!
2026-02-02 19:10:47 [INFO]    _____  _____  _____ 
2026-02-02 19:10:47 [INFO]   / ____|/ ____|/ ____|
2026-02-02 19:10:47 [INFO]  | |    | (___ | |        [CSC] Version: v0.21
2026-02-02 19:10:47 [INFO]  | |     \___ \| |        Minecraft Version: 1.20.1 forge
2026-02-02 19:10:47 [INFO]  | |____ ____) | |____    Problem/Feedback: Tencent QQ：1061133894
2026-02-02 19:10:47 [INFO]   \_____|_____/ \_____|
2026-02-02 19:10:47 [INFO]                        
2026-02-02 19:13:08 [INFO] CSC close completely, thanks for using!
2026-02-02 19:14:06 [INFO]    _____  _____  _____ 
2026-02-02 19:14:06 [INFO]   / ____|/ ____|/ ____|
2026-02-02 19:14:06 [INFO]  | |    | (___ | |        [CSC] Version: v0.21
2026-02-02 19:14:06 [INFO]  | |     \___ \| |        Minecraft Version: 1.20.1 forge
2026-02-02 19:14:06 [INFO]  | |____ ____) | |____    Problem/Feedback: Tencent QQ：1061133894
2026-02-02 19:14:06 [INFO]   \_____|_____/ \_____|
2026-02-02 19:14:06 [INFO]                        
2026-02-02 19:14:16 [INFO] CSC close completely, thanks for using!
2026-02-02 19:15:16 [INFO] CSC is loading...   Success！
2026-02-02 19:15:42 [INFO]    _____  _____  _____ 
2026-02-02 19:15:42 [INFO]   / ____|/ ____|/ ____|
2026-02-02 19:15:42 [INFO]  | |    | (___ | |        [CSC] Version: v0.21
2026-02-02 19:15:42 [INFO]  | |     \___ \| |        Minecraft Version: 1.20.1 forge
2026-02-02 19:15:42 [INFO]  | |____ ____) | |____    Problem/Feedback: Tencent QQ：1061133894
2026-02-02 19:15:42 [INFO]   \_____|_____/ \_____|
2026-02-02 19:15:42 [INFO]                        
2026-02-02 19:16:27 [INFO] CSC close completely, thanks for using!
2026-02-02 19:17:25 [INFO] CSC is loading...   Success！
2026-02-02 19:18:03 [INFO]    _____  _____  _____ 
2026-02-02 19:18:03 [INFO]   / ____|/ ____|/ ____|
2026-02-02 19:18:03 [INFO]  | |    | (___ | |        [CSC] Version: v0.21
2026-02-02 19:18:03 [INFO]  | |     \___ \| |        Minecraft Version: 1.20.1 forge
2026-02-02 19:18:03 [INFO]  | |____ ____) | |____    Problem/Feedback: Tencent QQ：1061133894
2026-02-02 19:18:03 [INFO]   \_____|_____/ \_____|
2026-02-02 19:18:03 [INFO]                        
2026-02-02 19:20:57 [INFO] CSC close completely, thanks for using!
2026-02-02 19:21:23 [INFO]    _____  _____  _____ 
2026-02-02 19:21:23 [INFO]   / ____|/ ____|/ ____|
2026-02-02 19:21:23 [INFO]  | |    | (___ | |        [CSC] Version: v0.21
2026-02-02 19:21:23 [INFO]  | |     \___ \| |        Minecraft Version: 1.20.1 forge
2026-02-02 19:21:23 [INFO]  | |____ ____) | |____    Problem/Feedback: Tencent QQ：1061133894
2026-02-02 19:21:23 [INFO]   \_____|_____/ \_____|
2026-02-02 19:21:23 [INFO]                        
2026-02-02 19:23:15 [INFO] CSC close completely, thanks for using!
2026-02-03 17:14:22 [INFO] CSC is loading...   Success！
2026-02-03 17:14:46 [INFO]    _____  _____  _____ 
2026-02-03 17:14:46 [INFO]   / ____|/ ____|/ ____|
2026-02-03 17:14:46 [INFO]  | |    | (___ | |        [CSC] Version: v0.21
2026-02-03 17:14:46 [INFO]  | |     \___ \| |        Minecraft Version: 1.20.1 forge
2026-02-03 17:14:46 [INFO]  | |____ ____) | |____    Problem/Feedback: Tencent QQ：1061133894
2026-02-03 17:14:46 [INFO]   \_____|_____/ \_____|
2026-02-03 17:14:46 [INFO]                        
2026-02-03 17:20:09 [INFO] CSC close completely, thanks for using!
2026-02-03 17:24:25 [INFO] CSC is loading...   Success！
2026-02-03 17:37:06 [INFO] CSC is loading...   Success！
2026-02-03 17:37:28 [INFO]    _____  _____  _____ 
2026-02-03 17:37:28 [INFO]   / ____|/ ____|/ ____|
2026-02-03 17:37:28 [INFO]  | |    | (___ | |        [CSC] Version: v0.21
2026-02-03 17:37:28 [INFO]  | |     \___ \| |        Minecraft Version: 1.20.1 forge
2026-02-03 17:37:28 [INFO]  | |____ ____) | |____    Problem/Feedback: Tencent QQ：1061133894
2026-02-03 17:37:28 [INFO]   \_____|_____/ \_____|
2026-02-03 17:37:28 [INFO]                        
2026-02-03 17:55:17 [INFO] CSC close completely, thanks for using!
2026-02-03 17:56:17 [INFO] CSC is loading...   Success！
2026-02-03 17:59:47 [INFO]    _____  _____  _____ 
2026-02-03 17:59:47 [INFO]   / ____|/ ____|/ ____|
2026-02-03 17:59:47 [INFO]  | |    | (___ | |        [CSC] Version: v0.21
2026-02-03 17:59:47 [INFO]  | |     \___ \| |        Minecraft Version: 1.20.1 forge
2026-02-03 17:59:47 [INFO]  | |____ ____) | |____    Problem/Feedback: Tencent QQ：1061133894
2026-02-03 17:59:47 [INFO]   \_____|_____/ \_____|
2026-02-03 17:59:47 [INFO]                        
2026-02-03 18:19:37 [INFO] CSC close completely, thanks for using!
2026-02-03 18:21:43 [INFO]    _____  _____  _____ 
2026-02-03 18:21:43 [INFO]   / ____|/ ____|/ ____|
2026-02-03 18:21:43 [INFO]  | |    | (___ | |        [CSC] Version: v0.21
2026-02-03 18:21:43 [INFO]  | |     \___ \| |        Minecraft Version: 1.20.1 forge
2026-02-03 18:21:43 [INFO]  | |____ ____) | |____    Problem/Feedback: Tencent QQ：1061133894
2026-02-03 18:21:43 [INFO]   \_____|_____/ \_____|
2026-02-03 18:21:43 [INFO]                        
2026-02-03 18:28:47 [INFO] CSC close completely, thanks for using!
2026-02-06 19:10:07 [INFO] CSC is loading...   Success！
2026-02-06 19:10:36 [INFO]    _____  _____  _____ 
2026-02-06 19:10:36 [INFO]   / ____|/ ____|/ ____|
2026-02-06 19:10:36 [INFO]  | |    | (___ | |        [CSC] Version: v0.21
2026-02-06 19:10:36 [INFO]  | |     \___ \| |        Minecraft Version: 1.20.1 forge
2026-02-06 19:10:36 [INFO]  | |____ ____) | |____    Problem/Feedback: Tencent QQ：1061133894
2026-02-06 19:10:36 [INFO]   \_____|_____/ \_____|
2026-02-06 19:10:36 [INFO]                        
2026-02-06 19:16:30 [INFO] CSC close completely, thanks for using!
2026-02-06 19:16:34 [INFO]    _____  _____  _____ 
2026-02-06 19:16:34 [INFO]   / ____|/ ____|/ ____|
2026-02-06 19:16:34 [INFO]  | |    | (___ | |        [CSC] Version: v0.21
2026-02-06 19:16:34 [INFO]  | |     \___ \| |        Minecraft Version: 1.20.1 forge
2026-02-06 19:16:34 [INFO]  | |____ ____) | |____    Problem/Feedback: Tencent QQ：1061133894
2026-02-06 19:16:34 [INFO]   \_____|_____/ \_____|
2026-02-06 19:16:34 [INFO]                        
2026-02-06 19:17:51 [INFO] CSC close completely, thanks for using!
2026-02-06 19:18:22 [INFO]    _____  _____  _____ 
2026-02-06 19:18:22 [INFO]   / ____|/ ____|/ ____|
2026-02-06 19:18:22 [INFO]  | |    | (___ | |        [CSC] Version: v0.21
2026-02-06 19:18:22 [INFO]  | |     \___ \| |        Minecraft Version: 1.20.1 forge
2026-02-06 19:18:22 [INFO]  | |____ ____) | |____    Problem/Feedback: Tencent QQ：1061133894
2026-02-06 19:18:22 [INFO]   \_____|_____/ \_____|
2026-02-06 19:18:22 [INFO]                        
2026-02-06 19:20:11 [INFO] CSC close completely, thanks for using!
2026-02-06 19:24:10 [INFO] CSC is loading...   Success！
2026-02-06 19:24:24 [INFO]    _____  _____  _____ 
2026-02-06 19:24:24 [INFO]   / ____|/ ____|/ ____|
2026-02-06 19:24:24 [INFO]  | |    | (___ | |        [CSC] Version: v0.21.14
2026-02-06 19:24:24 [INFO]  | |     \___ \| |        Minecraft Version: 1.20.1 forge
2026-02-06 19:24:24 [INFO]  | |____ ____) | |____    Problem/Feedback: Tencent QQ：1061133894
2026-02-06 19:24:24 [INFO]   \_____|_____/ \_____|
2026-02-06 19:24:24 [INFO]                        
2026-02-06 19:32:21 [INFO] CSC close completely, thanks for using!
2026-02-06 19:32:31 [INFO]    _____  _____  _____ 
2026-02-06 19:32:31 [INFO]   / ____|/ ____|/ ____|
2026-02-06 19:32:31 [INFO]  | |    | (___ | |        [CSC] Version: v0.21.14
2026-02-06 19:32:31 [INFO]  | |     \___ \| |        Minecraft Version: 1.20.1 forge
2026-02-06 19:32:31 [INFO]  | |____ ____) | |____    Problem/Feedback: Tencent QQ：1061133894
2026-02-06 19:32:31 [INFO]   \_____|_____/ \_____|
2026-02-06 19:32:31 [INFO]                        
2026-02-06 19:33:48 [INFO] CSC close completely, thanks for using!
2026-02-06 19:37:05 [INFO] CSC is loading...   Success！
2026-02-06 19:37:21 [INFO]    _____  _____  _____ 
2026-02-06 19:37:21 [INFO]   / ____|/ ____|/ ____|
2026-02-06 19:37:21 [INFO]  | |    | (___ | |        [CSC] Version: v0.21.14
2026-02-06 19:37:21 [INFO]  | |     \___ \| |        Minecraft Version: 1.20.1 forge
2026-02-06 19:37:21 [INFO]  | |____ ____) | |____    Problem/Feedback: Tencent QQ：1061133894
2026-02-06 19:37:21 [INFO]   \_____|_____/ \_____|
2026-02-06 19:37:21 [INFO]                        
2026-02-06 19:39:42 [INFO] CSC close completely, thanks for using!
2026-02-06 20:18:19 [INFO]    _____  _____  _____ 
2026-02-06 20:18:19 [INFO]   / ____|/ ____|/ ____|
2026-02-06 20:18:19 [INFO]  | |    | (___ | |        [CSC] Version: v0.21.14
2026-02-06 20:18:19 [INFO]  | |     \___ \| |        Minecraft Version: 1.20.1 forge
2026-02-06 20:18:19 [INFO]  | |____ ____) | |____    Problem/Feedback: Tencent QQ：1061133894
2026-02-06 20:18:19 [INFO]   \_____|_____/ \_____|
2026-02-06 20:18:19 [INFO]                        
2026-02-06 20:21:42 [INFO] CSC close completely, thanks for using!
2026-02-06 20:21:48 [INFO]    _____  _____  _____ 
2026-02-06 20:21:48 [INFO]   / ____|/ ____|/ ____|
2026-02-06 20:21:48 [INFO]  | |    | (___ | |        [CSC] Version: v0.21.14
2026-02-06 20:21:48 [INFO]  | |     \___ \| |        Minecraft Version: 1.20.1 forge
2026-02-06 20:21:48 [INFO]  | |____ ____) | |____    Problem/Feedback: Tencent QQ：1061133894
2026-02-06 20:21:48 [INFO]   \_____|_____/ \_____|
2026-02-06 20:21:48 [INFO]                        
2026-02-06 20:23:58 [INFO] CSC close completely, thanks for using!
2026-02-06 21:22:14 [INFO] CSC is loading...   Success！
2026-02-07 13:24:12 [INFO] CSC is loading...   Success！
2026-02-07 13:24:57 [INFO]    _____  _____  _____ 
2026-02-07 13:24:57 [INFO]   / ____|/ ____|/ ____|
2026-02-07 13:24:57 [INFO]  | |    | (___ | |        [CSC] Version: v0.21.14
2026-02-07 13:24:57 [INFO]  | |     \___ \| |        Minecraft Version: 1.20.1 forge
2026-02-07 13:24:57 [INFO]  | |____ ____) | |____    Problem/Feedback: Tencent QQ：1061133894
2026-02-07 13:24:57 [INFO]   \_____|_____/ \_____|
2026-02-07 13:24:57 [INFO]                        
2026-02-07 13:27:15 [INFO] CSC close completely, thanks for using!
2026-02-07 13:46:35 [INFO]    _____  _____  _____ 
2026-02-07 13:46:35 [INFO]   / ____|/ ____|/ ____|
2026-02-07 13:46:35 [INFO]  | |    | (___ | |        [CSC] Version: v0.21.14
2026-02-07 13:46:35 [INFO]  | |     \___ \| |        Minecraft Version: 1.20.1 forge
2026-02-07 13:46:35 [INFO]  | |____ ____) | |____    Problem/Feedback: Tencent QQ：1061133894
2026-02-07 13:46:35 [INFO]   \_____|_____/ \_____|
2026-02-07 13:46:35 [INFO]                        
2026-02-07 13:47:08 [INFO] CSC close completely, thanks for using!
2026-02-07 13:49:43 [INFO]    _____  _____  _____ 
2026-02-07 13:49:43 [INFO]   / ____|/ ____|/ ____|
2026-02-07 13:49:43 [INFO]  | |    | (___ | |        [CSC] Version: v0.21.14
2026-02-07 13:49:43 [INFO]  | |     \___ \| |        Minecraft Version: 1.20.1 forge
2026-02-07 13:49:43 [INFO]  | |____ ____) | |____    Problem/Feedback: Tencent QQ：1061133894
2026-02-07 13:49:43 [INFO]   \_____|_____/ \_____|
2026-02-07 13:49:43 [INFO]                        
2026-02-07 13:50:19 [INFO] CSC close completely, thanks for using!
2026-02-07 14:48:14 [INFO]    _____  _____  _____ 
2026-02-07 14:48:14 [INFO]   / ____|/ ____|/ ____|
2026-02-07 14:48:14 [INFO]  | |    | (___ | |        [CSC] Version: v0.21.14
2026-02-07 14:48:14 [INFO]  | |     \___ \| |        Minecraft Version: 1.20.1 forge
2026-02-07 14:48:14 [INFO]  | |____ ____) | |____    Problem/Feedback: Tencent QQ：1061133894
2026-02-07 14:48:14 [INFO]   \_____|_____/ \_____|
2026-02-07 14:48:14 [INFO]                        
2026-02-07 15:00:34 [INFO] CSC close completely, thanks for using!
2026-02-08 14:47:53 [INFO] CSC is loading...   Success！
2026-02-08 14:50:40 [INFO]    _____  _____  _____ 
2026-02-08 14:50:40 [INFO]   / ____|/ ____|/ ____|
2026-02-08 14:50:40 [INFO]  | |    | (___ | |        [CSC] Version: v0.21.14
2026-02-08 14:50:40 [INFO]  | |     \___ \| |        Minecraft Version: 1.20.1 forge
2026-02-08 14:50:40 [INFO]  | |____ ____) | |____    Problem/Feedback: Tencent QQ：1061133894
2026-02-08 14:50:40 [INFO]   \_____|_____/ \_____|
2026-02-08 14:50:40 [INFO]                        
2026-02-08 15:48:18 [INFO] CSC close completely, thanks for using!
2026-02-08 15:57:12 [INFO] CSC is loading...   Success！
2026-02-08 16:06:42 [INFO] CSC is loading...   Success！
2026-02-08 16:31:37 [INFO] CSC is loading...   Success！
2026-02-08 16:32:03 [INFO]    _____  _____  _____ 
2026-02-08 16:32:03 [INFO]   / ____|/ ____|/ ____|
2026-02-08 16:32:03 [INFO]  | |    | (___ | |        [CSC] Version: v0.21.14
2026-02-08 16:32:03 [INFO]  | |     \___ \| |        Minecraft Version: 1.20.1 forge
2026-02-08 16:32:03 [INFO]  | |____ ____) | |____    Problem/Feedback: Tencent QQ：1061133894
2026-02-08 16:32:03 [INFO]   \_____|_____/ \_____|
2026-02-08 16:32:03 [INFO]                        
2026-02-08 16:33:29 [INFO] CSC close completely, thanks for using!
2026-02-08 21:24:35 [INFO] CSC is loading...   Success！
2026-02-08 21:24:53 [INFO]    _____  _____  _____ 
2026-02-08 21:24:53 [INFO]   / ____|/ ____|/ ____|
2026-02-08 21:24:53 [INFO]  | |    | (___ | |        [CSC] Version: v0.21.14
2026-02-08 21:24:53 [INFO]  | |     \___ \| |        Minecraft Version: 1.20.1 forge
2026-02-08 21:24:53 [INFO]  | |____ ____) | |____    Problem/Feedback: Tencent QQ：1061133894
2026-02-08 21:24:53 [INFO]   \_____|_____/ \_____|
2026-02-08 21:24:53 [INFO]                        
2026-02-08 22:49:13 [INFO] CSC close completely, thanks for using!
2026-02-09 12:47:10 [INFO] CSC is loading...   Success！
2026-02-09 12:47:42 [INFO]    _____  _____  _____ 
2026-02-09 12:47:42 [INFO]   / ____|/ ____|/ ____|
2026-02-09 12:47:42 [INFO]  | |    | (___ | |        [CSC] Version: v0.21.14
2026-02-09 12:47:42 [INFO]  | |     \___ \| |        Minecraft Version: 1.20.1 forge
2026-02-09 12:47:42 [INFO]  | |____ ____) | |____    Problem/Feedback: Tencent QQ：1061133894
2026-02-09 12:47:42 [INFO]   \_____|_____/ \_____|
2026-02-09 12:47:42 [INFO]                        
2026-02-09 13:21:39 [INFO] CSC close completely, thanks for using!
2026-02-09 13:31:15 [INFO] CSC is loading...   Success！
2026-02-09 17:00:54 [INFO] CSC is loading...   Success！
2026-02-09 17:16:22 [INFO] CSC is loading...   Success！
2026-02-09 17:21:04 [INFO]    _____  _____  _____ 
2026-02-09 17:21:04 [INFO]   / ____|/ ____|/ ____|
2026-02-09 17:21:04 [INFO]  | |    | (___ | |        [CSC] Version: v0.21.14
2026-02-09 17:21:04 [INFO]  | |     \___ \| |        Minecraft Version: 1.20.1 forge
2026-02-09 17:21:04 [INFO]  | |____ ____) | |____    Problem/Feedback: Tencent QQ：1061133894
2026-02-09 17:21:04 [INFO]   \_____|_____/ \_____|
2026-02-09 17:21:04 [INFO]                        
2026-02-09 17:21:44 [INFO] CSC close completely, thanks for using!
2026-02-09 17:34:30 [INFO] CSC is loading...   Success！
2026-02-09 17:44:06 [INFO] CSC is loading...   Success！
2026-02-09 18:22:11 [INFO] CSC is loading...   Success！
2026-02-09 18:25:31 [INFO] CSC is loading...   Success！
2026-02-09 18:27:28 [INFO] CSC is loading...   Success！
2026-02-09 18:29:05 [INFO] CSC is loading...   Success！
2026-02-09 18:31:31 [INFO] CSC is loading...   Success！
2026-02-09 18:47:28 [INFO] CSC is loading...   Success！
2026-02-09 19:54:51 [INFO] CSC is loading...   Success！
2026-02-09 21:32:09 [INFO] CSC is loading...   Success！
2026-02-10 12:21:11 [INFO] CSC is loading...   Success！
2026-02-10 15:00:11 [INFO] CSC is loading...   Success！
2026-02-10 19:00:51 [INFO] CSC is loading...   Success！
2026-02-12 16:29:05 [INFO] CSC is loading...   Success！
2026-02-12 18:13:59 [INFO] CSC is loading...   Success！
2026-02-12 19:54:55 [INFO] CSC is loading...   Success！
2026-02-16 13:00:07 [INFO] CSC is loading...   Success！
2026-02-16 13:00:28 [INFO]    _____  _____  _____ 
2026-02-16 13:00:28 [INFO]   / ____|/ ____|/ ____|
2026-02-16 13:00:28 [INFO]  | |    | (___ | |        [CSC] Version: v0.21.14
2026-02-16 13:00:28 [INFO]  | |     \___ \| |        Minecraft Version: 1.20.1 forge
2026-02-16 13:00:28 [INFO]  | |____ ____) | |____    Problem/Feedback: Tencent QQ：1061133894
2026-02-16 13:00:28 [INFO]   \_____|_____/ \_____|
2026-02-16 13:00:28 [INFO]                        
2026-02-16 13:01:59 [INFO] CSC close completely, thanks for using!
2026-02-16 13:03:57 [INFO]    _____  _____  _____ 
2026-02-16 13:03:57 [INFO]   / ____|/ ____|/ ____|
2026-02-16 13:03:57 [INFO]  | |    | (___ | |        [CSC] Version: v0.21.14
2026-02-16 13:03:57 [INFO]  | |     \___ \| |        Minecraft Version: 1.20.1 forge
2026-02-16 13:03:57 [INFO]  | |____ ____) | |____    Problem/Feedback: Tencent QQ：1061133894
2026-02-16 13:03:57 [INFO]   \_____|_____/ \_____|
2026-02-16 13:03:57 [INFO]                        
2026-02-16 13:04:35 [INFO] CSC close completely, thanks for using!
2026-02-17 11:35:05 [INFO] CSC is loading...   Success！
2026-02-17 11:35:23 [INFO]    _____  _____  _____ 
2026-02-17 11:35:23 [INFO]   / ____|/ ____|/ ____|
2026-02-17 11:35:23 [INFO]  | |    | (___ | |        [CSC] Version: v0.21.14
2026-02-17 11:35:23 [INFO]  | |     \___ \| |        Minecraft Version: 1.20.1 forge
2026-02-17 11:35:23 [INFO]  | |____ ____) | |____    Problem/Feedback: Tencent QQ：1061133894
2026-02-17 11:35:23 [INFO]   \_____|_____/ \_____|
2026-02-17 11:35:23 [INFO]                        
2026-02-17 11:36:15 [INFO] CSC close completely, thanks for using!
2026-02-18 13:33:18 [INFO] CSC is loading...   Success！
2026-02-18 13:34:42 [INFO] CSC is loading...   Success！
2026-02-18 14:00:19 [INFO] CSC is loading...   Success！
2026-02-18 14:03:48 [INFO]    _____  _____  _____ 
2026-02-18 14:03:48 [INFO]   / ____|/ ____|/ ____|
2026-02-18 14:03:48 [INFO]  | |    | (___ | |        [CSC] Version: v0.21.14
2026-02-18 14:03:48 [INFO]  | |     \___ \| |        Minecraft Version: 1.20.1 forge
2026-02-18 14:03:48 [INFO]  | |____ ____) | |____    Problem/Feedback: Tencent QQ：1061133894
2026-02-18 14:03:48 [INFO]   \_____|_____/ \_____|
2026-02-18 14:03:48 [INFO]                        
2026-02-18 14:04:03 [INFO] CSC close completely, thanks for using!
2026-02-20 14:11:37 [INFO] CSC is loading...   Success！
2026-02-20 14:15:37 [INFO] CSC is loading...   Success！
2026-02-20 14:15:58 [INFO]    _____  _____  _____ 
2026-02-20 14:15:58 [INFO]   / ____|/ ____|/ ____|
2026-02-20 14:15:58 [INFO]  | |    | (___ | |        [CSC] Version: v0.21.14
2026-02-20 14:15:58 [INFO]  | |     \___ \| |        Minecraft Version: 1.20.1 forge
2026-02-20 14:15:58 [INFO]  | |____ ____) | |____    Problem/Feedback: Tencent QQ：1061133894
2026-02-20 14:15:58 [INFO]   \_____|_____/ \_____|
2026-02-20 14:15:58 [INFO]                        
2026-02-20 14:16:46 [INFO] CSC close completely, thanks for using!
2026-02-27 00:24:40 [INFO] CSC is loading...   Success！
2026-03-01 13:56:21 [INFO] CSC is loading...   Success！
2026-03-01 13:57:20 [INFO]    _____  _____  _____ 
2026-03-01 13:57:20 [INFO]   / ____|/ ____|/ ____|
2026-03-01 13:57:20 [INFO]  | |    | (___ | |        [CSC] Version: v0.21.14
2026-03-01 13:57:20 [INFO]  | |     \___ \| |        Minecraft Version: 1.20.1 forge
2026-03-01 13:57:20 [INFO]  | |____ ____) | |____    Problem/Feedback: Tencent QQ：1061133894
2026-03-01 13:57:20 [INFO]   \_____|_____/ \_____|
2026-03-01 13:57:20 [INFO]                        
2026-03-01 13:58:14 [INFO] CSC close completely, thanks for using!
2026-03-01 17:05:17 [INFO] CSC is loading...   Success！
2026-03-01 17:05:39 [INFO]    _____  _____  _____ 
2026-03-01 17:05:39 [INFO]   / ____|/ ____|/ ____|
2026-03-01 17:05:39 [INFO]  | |    | (___ | |        [CSC] Version: v0.21.14
2026-03-01 17:05:39 [INFO]  | |     \___ \| |        Minecraft Version: 1.20.1 forge
2026-03-01 17:05:39 [INFO]  | |____ ____) | |____    Problem/Feedback: Tencent QQ：1061133894
2026-03-01 17:05:39 [INFO]   \_____|_____/ \_____|
2026-03-01 17:05:39 [INFO]                        
2026-03-01 17:17:43 [INFO] CSC close completely, thanks for using!
2026-03-02 12:59:01 [INFO] CSC is loading...   Success！
2026-03-07 11:45:40 [INFO] CSC is loading...   Success！
2026-03-07 11:46:06 [INFO]    _____  _____  _____ 
2026-03-07 11:46:06 [INFO]   / ____|/ ____|/ ____|
2026-03-07 11:46:06 [INFO]  | |    | (___ | |        [CSC] Version: v0.21.14
2026-03-07 11:46:06 [INFO]  | |     \___ \| |        Minecraft Version: 1.20.1 forge
2026-03-07 11:46:06 [INFO]  | |____ ____) | |____    Problem/Feedback: Tencent QQ：1061133894
2026-03-07 11:46:06 [INFO]   \_____|_____/ \_____|
2026-03-07 11:46:06 [INFO]                        
2026-03-07 11:47:38 [INFO] CSC close completely, thanks for using!
2026-03-07 11:56:52 [INFO] CSC is loading...   Success！
2026-03-07 11:57:16 [INFO]    _____  _____  _____ 
2026-03-07 11:57:16 [INFO]   / ____|/ ____|/ ____|
2026-03-07 11:57:16 [INFO]  | |    | (___ | |        [CSC] Version: v0.21.14
2026-03-07 11:57:16 [INFO]  | |     \___ \| |        Minecraft Version: 1.20.1 forge
2026-03-07 11:57:16 [INFO]  | |____ ____) | |____    Problem/Feedback: Tencent QQ：1061133894
2026-03-07 11:57:16 [INFO]   \_____|_____/ \_____|
2026-03-07 11:57:16 [INFO]                        
2026-03-07 11:57:55 [INFO] CSC close completely, thanks for using!
2026-03-07 12:00:24 [INFO] CSC is loading...   Success！
2026-03-07 12:00:44 [INFO]    _____  _____  _____ 
2026-03-07 12:00:44 [INFO]   / ____|/ ____|/ ____|
2026-03-07 12:00:44 [INFO]  | |    | (___ | |        [CSC] Version: v0.21.14
2026-03-07 12:00:44 [INFO]  | |     \___ \| |        Minecraft Version: 1.20.1 forge
2026-03-07 12:00:44 [INFO]  | |____ ____) | |____    Problem/Feedback: Tencent QQ：1061133894
2026-03-07 12:00:44 [INFO]   \_____|_____/ \_____|
2026-03-07 12:00:44 [INFO]                        
2026-03-07 12:05:53 [INFO] CSC close completely, thanks for using!
2026-03-15 23:14:21 [INFO] CSC is loading...   Success！
2026-03-15 23:15:05 [INFO]    _____  _____  _____ 
2026-03-15 23:15:05 [INFO]   / ____|/ ____|/ ____|
2026-03-15 23:15:05 [INFO]  | |    | (___ | |        [CSC] Version: v0.21.14
2026-03-15 23:15:05 [INFO]  | |     \___ \| |        Minecraft Version: 1.20.1 forge
2026-03-15 23:15:05 [INFO]  | |____ ____) | |____    Problem/Feedback: Tencent QQ：1061133894
2026-03-15 23:15:05 [INFO]   \_____|_____/ \_____|
2026-03-15 23:15:05 [INFO]                        
2026-03-15 23:15:30 [INFO] CSC close completely, thanks for using!
2026-03-15 23:22:59 [INFO] CSC is loading...   Success！
2026-03-15 23:24:01 [INFO] CSC is loading...   Success！
2026-03-15 23:24:26 [INFO]    _____  _____  _____ 
2026-03-15 23:24:26 [INFO]   / ____|/ ____|/ ____|
2026-03-15 23:24:26 [INFO]  | |    | (___ | |        [CSC] Version: v0.21.14
2026-03-15 23:24:26 [INFO]  | |     \___ \| |        Minecraft Version: 1.20.1 forge
2026-03-15 23:24:26 [INFO]  | |____ ____) | |____    Problem/Feedback: Tencent QQ：1061133894
2026-03-15 23:24:26 [INFO]   \_____|_____/ \_____|
2026-03-15 23:24:26 [INFO]                        
2026-03-15 23:25:09 [INFO] CSC close completely, thanks for using!
2026-03-15 23:49:31 [INFO] CSC is loading...   Success！
2026-03-15 23:54:05 [INFO]    _____  _____  _____ 
2026-03-15 23:54:05 [INFO]   / ____|/ ____|/ ____|
2026-03-15 23:54:05 [INFO]  | |    | (___ | |        [CSC] Version: v0.21.14
2026-03-15 23:54:05 [INFO]  | |     \___ \| |        Minecraft Version: 1.20.1 forge
2026-03-15 23:54:05 [INFO]  | |____ ____) | |____    Problem/Feedback: Tencent QQ：1061133894
2026-03-15 23:54:05 [INFO]   \_____|_____/ \_____|
2026-03-15 23:54:05 [INFO]                        
2026-03-15 23:56:59 [INFO] CSC close completely, thanks for using!
2026-03-15 23:58:02 [INFO] CSC is loading...   Success！
2026-03-16 00:07:52 [INFO] CSC is loading...   Success！
2026-03-16 00:08:13 [INFO]    _____  _____  _____ 
2026-03-16 00:08:13 [INFO]   / ____|/ ____|/ ____|
2026-03-16 00:08:13 [INFO]  | |    | (___ | |        [CSC] Version: v0.21.14
2026-03-16 00:08:13 [INFO]  | |     \___ \| |        Minecraft Version: 1.20.1 forge
2026-03-16 00:08:13 [INFO]  | |____ ____) | |____    Problem/Feedback: Tencent QQ：1061133894
2026-03-16 00:08:13 [INFO]   \_____|_____/ \_____|
2026-03-16 00:08:13 [INFO]                        
2026-03-16 00:11:28 [INFO] CSC close completely, thanks for using!
2026-03-16 00:14:54 [INFO]    _____  _____  _____ 
2026-03-16 00:14:54 [INFO]   / ____|/ ____|/ ____|
2026-03-16 00:14:54 [INFO]  | |    | (___ | |        [CSC] Version: v0.21.14
2026-03-16 00:14:54 [INFO]  | |     \___ \| |        Minecraft Version: 1.20.1 forge
2026-03-16 00:14:54 [INFO]  | |____ ____) | |____    Problem/Feedback: Tencent QQ：1061133894
2026-03-16 00:14:54 [INFO]   \_____|_____/ \_____|
2026-03-16 00:14:54 [INFO]                        
2026-03-16 00:15:24 [INFO] CSC close completely, thanks for using!
2026-03-16 19:04:11 [INFO] CSC is loading...   Success！
2026-03-16 19:05:20 [INFO]    _____  _____  _____ 
2026-03-16 19:05:20 [INFO]   / ____|/ ____|/ ____|
2026-03-16 19:05:20 [INFO]  | |    | (___ | |        [CSC] Version: v0.21.14
2026-03-16 19:05:20 [INFO]  | |     \___ \| |        Minecraft Version: 1.20.1 forge
2026-03-16 19:05:20 [INFO]  | |____ ____) | |____    Problem/Feedback: Tencent QQ：1061133894
2026-03-16 19:05:20 [INFO]   \_____|_____/ \_____|
2026-03-16 19:05:20 [INFO]                        
2026-03-16 19:06:55 [INFO] CSC close completely, thanks for using!
2026-03-17 14:45:42 [INFO] CSC is loading...   Success！
2026-03-17 14:46:07 [INFO]    _____  _____  _____ 
2026-03-17 14:46:07 [INFO]   / ____|/ ____|/ ____|
2026-03-17 14:46:07 [INFO]  | |    | (___ | |        [CSC] Version: v0.21.14
2026-03-17 14:46:07 [INFO]  | |     \___ \| |        Minecraft Version: 1.20.1 forge
2026-03-17 14:46:07 [INFO]  | |____ ____) | |____    Problem/Feedback: Tencent QQ：1061133894
2026-03-17 14:46:07 [INFO]   \_____|_____/ \_____|
2026-03-17 14:46:07 [INFO]                        
2026-03-17 14:53:12 [INFO] CSC close completely, thanks for using!
2026-03-17 14:53:26 [INFO]    _____  _____  _____ 
2026-03-17 14:53:26 [INFO]   / ____|/ ____|/ ____|
2026-03-17 14:53:26 [INFO]  | |    | (___ | |        [CSC] Version: v0.21.14
2026-03-17 14:53:26 [INFO]  | |     \___ \| |        Minecraft Version: 1.20.1 forge
2026-03-17 14:53:26 [INFO]  | |____ ____) | |____    Problem/Feedback: Tencent QQ：1061133894
2026-03-17 14:53:26 [INFO]   \_____|_____/ \_____|
2026-03-17 14:53:26 [INFO]                        
2026-03-17 14:58:42 [INFO] CSC close completely, thanks for using!
2026-03-21 15:23:25 [INFO] CSC is loading...   Success！
2026-03-21 15:28:02 [INFO] CSC is loading...   Success！
2026-03-21 20:53:13 [INFO] CSC is loading...   Success！
2026-03-21 20:57:48 [INFO]    _____  _____  _____ 
2026-03-21 20:57:48 [INFO]   / ____|/ ____|/ ____|
2026-03-21 20:57:48 [INFO]  | |    | (___ | |        [CSC] Version: v0.21.17
2026-03-21 20:57:48 [INFO]  | |     \___ \| |        Minecraft Version: 1.21.1 forge
2026-03-21 20:57:48 [INFO]  | |____ ____) | |____    Problem/Feedback: Tencent QQ：1061133894
2026-03-21 20:57:48 [INFO]   \_____|_____/ \_____|
2026-03-21 20:57:48 [INFO]                        
2026-03-21 21:04:17 [INFO] CSC close completely, thanks for using!
2026-03-21 23:14:26 [INFO] CSC is loading...   Success！
2026-03-25 18:18:16 [INFO] CSC is loading...   Success！
2026-03-25 18:22:57 [INFO] CSC is loading...   Success！
2026-03-25 18:23:56 [INFO]    _____  _____  _____ 
2026-03-25 18:23:56 [INFO]   / ____|/ ____|/ ____|
2026-03-25 18:23:56 [INFO]  | |    | (___ | |        [CSC] Version: v0.21.18
2026-03-25 18:23:56 [INFO]  | |     \___ \| |        Minecraft Version: 1.21.1 forge
2026-03-25 18:23:56 [INFO]  | |____ ____) | |____    Problem/Feedback: Tencent QQ：1061133894
2026-03-25 18:23:56 [INFO]   \_____|_____/ \_____|
2026-03-25 18:23:56 [INFO]                        
2026-03-25 18:26:48 [INFO] CSC close completely, thanks for using!
2026-03-25 18:31:12 [INFO] CSC is loading...   Success！
2026-03-25 18:34:35 [INFO] CSC is loading...   Success！
2026-03-25 18:37:00 [INFO] CSC is loading...   Success！
2026-03-25 18:38:28 [INFO]    _____  _____  _____ 
2026-03-25 18:38:28 [INFO]   / ____|/ ____|/ ____|
2026-03-25 18:38:28 [INFO]  | |    | (___ | |        [CSC] Version: v0.21.18
2026-03-25 18:38:28 [INFO]  | |     \___ \| |        Minecraft Version: 1.21.1 forge
2026-03-25 18:38:28 [INFO]  | |____ ____) | |____    Problem/Feedback: Tencent QQ：1061133894
2026-03-25 18:38:28 [INFO]   \_____|_____/ \_____|
2026-03-25 18:38:28 [INFO]                        
2026-03-25 18:46:10 [INFO] CSC close completely, thanks for using!
2026-03-25 18:47:16 [INFO] CSC is loading...   Success！
2026-03-25 18:47:35 [INFO]    _____  _____  _____ 
2026-03-25 18:47:35 [INFO]   / ____|/ ____|/ ____|
2026-03-25 18:47:35 [INFO]  | |    | (___ | |        [CSC] Version: v0.21.18
2026-03-25 18:47:35 [INFO]  | |     \___ \| |        Minecraft Version: 1.21.1 forge
2026-03-25 18:47:35 [INFO]  | |____ ____) | |____    Problem/Feedback: Tencent QQ：1061133894
2026-03-25 18:47:35 [INFO]   \_____|_____/ \_____|
2026-03-25 18:47:35 [INFO]                        
2026-03-25 18:47:54 [INFO] CSC close completely, thanks for using!
2026-03-25 18:52:10 [INFO] CSC is loading...   Success！
2026-03-25 19:01:36 [INFO]    _____  _____  _____ 
2026-03-25 19:01:36 [INFO]   / ____|/ ____|/ ____|
2026-03-25 19:01:36 [INFO]  | |    | (___ | |        [CSC] Version: v0.21.18
2026-03-25 19:01:36 [INFO]  | |     \___ \| |        Minecraft Version: 1.21.1 forge
2026-03-25 19:01:36 [INFO]  | |____ ____) | |____    Problem/Feedback: Tencent QQ：1061133894
2026-03-25 19:01:36 [INFO]   \_____|_____/ \_____|
2026-03-25 19:01:36 [INFO]                        
2026-03-25 19:06:38 [INFO] CSC close completely, thanks for using!
2026-03-26 19:40:35 [INFO] CSC is loading...   Success！
2026-03-26 19:43:13 [INFO] CSC is loading...   Success！
2026-03-26 19:45:45 [INFO]    _____  _____  _____ 
2026-03-26 19:45:45 [INFO]   / ____|/ ____|/ ____|
2026-03-26 19:45:45 [INFO]  | |    | (___ | |        [CSC] Version: v0.21.18
2026-03-26 19:45:45 [INFO]  | |     \___ \| |        Minecraft Version: 1.21.1 forge
2026-03-26 19:45:45 [INFO]  | |____ ____) | |____    Problem/Feedback: Tencent QQ：1061133894
2026-03-26 19:45:45 [INFO]   \_____|_____/ \_____|
2026-03-26 19:45:45 [INFO]                        
2026-03-26 19:47:17 [INFO] CSC close completely, thanks for using!
2026-03-26 20:28:20 [INFO] CSC is loading...   Success！
2026-03-26 20:32:47 [INFO] CSC is loading...   Success！
2026-03-26 20:35:20 [INFO] CSC is loading...   Success！
2026-03-26 20:38:18 [INFO] CSC is loading...   Success！
2026-03-26 20:41:59 [INFO] CSC is loading...   Success！
2026-03-26 20:53:45 [INFO] CSC is loading...   Success！
2026-03-26 20:54:04 [INFO]    _____  _____  _____ 
2026-03-26 20:54:04 [INFO]   / ____|/ ____|/ ____|
2026-03-26 20:54:04 [INFO]  | |    | (___ | |        [CSC] Version: v0.21.18
2026-03-26 20:54:04 [INFO]  | |     \___ \| |        Minecraft Version: 1.21.1 forge
2026-03-26 20:54:04 [INFO]  | |____ ____) | |____    Problem/Feedback: Tencent QQ：1061133894
2026-03-26 20:54:04 [INFO]   \_____|_____/ \_____|
2026-03-26 20:54:04 [INFO]                        
2026-03-26 20:55:51 [INFO] CSC is loading...   Success！
2026-03-26 20:56:17 [INFO]    _____  _____  _____ 
2026-03-26 20:56:17 [INFO]   / ____|/ ____|/ ____|
2026-03-26 20:56:17 [INFO]  | |    | (___ | |        [CSC] Version: v0.21.18
2026-03-26 20:56:17 [INFO]  | |     \___ \| |        Minecraft Version: 1.21.1 forge
2026-03-26 20:56:17 [INFO]  | |____ ____) | |____    Problem/Feedback: Tencent QQ：1061133894
2026-03-26 20:56:17 [INFO]   \_____|_____/ \_____|
2026-03-26 20:56:17 [INFO]                        
2026-03-26 21:00:58 [INFO] CSC close completely, thanks for using!
2026-03-26 21:02:01 [INFO] CSC is loading...   Success！
2026-03-26 21:02:59 [INFO]    _____  _____  _____ 
2026-03-26 21:02:59 [INFO]   / ____|/ ____|/ ____|
2026-03-26 21:02:59 [INFO]  | |    | (___ | |        [CSC] Version: v0.21.18
2026-03-26 21:02:59 [INFO]  | |     \___ \| |        Minecraft Version: 1.21.1 forge
2026-03-26 21:02:59 [INFO]  | |____ ____) | |____    Problem/Feedback: Tencent QQ：1061133894
2026-03-26 21:02:59 [INFO]   \_____|_____/ \_____|
2026-03-26 21:02:59 [INFO]                        
2026-03-26 21:03:42 [INFO] CSC close completely, thanks for using!
2026-03-27 14:52:07 [INFO] CSC is loading...   Success！
2026-03-27 14:53:07 [INFO]    _____  _____  _____ 
2026-03-27 14:53:07 [INFO]   / ____|/ ____|/ ____|
2026-03-27 14:53:07 [INFO]  | |    | (___ | |        [CSC] Version: v0.21.18
2026-03-27 14:53:07 [INFO]  | |     \___ \| |        Minecraft Version: 1.21.1 forge
2026-03-27 14:53:07 [INFO]  | |____ ____) | |____    Problem/Feedback: Tencent QQ：1061133894
2026-03-27 14:53:07 [INFO]   \_____|_____/ \_____|
2026-03-27 14:53:07 [INFO]                        
2026-03-27 14:55:46 [INFO] CSC close completely, thanks for using!
2026-03-28 20:40:37 [INFO] CSC is loading...   Success！
2026-03-28 20:43:52 [INFO]    _____  _____  _____ 
2026-03-28 20:43:52 [INFO]   / ____|/ ____|/ ____|
2026-03-28 20:43:52 [INFO]  | |    | (___ | |        [CSC] Version: v0.21.18
2026-03-28 20:43:52 [INFO]  | |     \___ \| |        Minecraft Version: 1.21.1 forge
2026-03-28 20:43:52 [INFO]  | |____ ____) | |____    Problem/Feedback: Tencent QQ：1061133894
2026-03-28 20:43:52 [INFO]   \_____|_____/ \_____|
2026-03-28 20:43:52 [INFO]                        
2026-03-28 20:54:35 [INFO] CSC close completely, thanks for using!
2026-03-30 14:13:47 [INFO] CSC is loading...   Success！
2026-03-30 14:14:15 [INFO]    _____  _____  _____ 
2026-03-30 14:14:15 [INFO]   / ____|/ ____|/ ____|
2026-03-30 14:14:15 [INFO]  | |    | (___ | |        [CSC] Version: v0.21.18
2026-03-30 14:14:15 [INFO]  | |     \___ \| |        Minecraft Version: 1.21.1 forge
2026-03-30 14:14:15 [INFO]  | |____ ____) | |____    Problem/Feedback: Tencent QQ：1061133894
2026-03-30 14:14:15 [INFO]   \_____|_____/ \_____|
2026-03-30 14:14:15 [INFO]                        
2026-03-30 14:14:53 [INFO] CSC close completely, thanks for using!
2026-03-30 14:42:42 [INFO] CSC is loading...   Success！
2026-03-30 15:37:40 [INFO] CSC is loading...   Success！
2026-03-30 19:58:24 [INFO] CSC is loading...   Success！
2026-03-31 12:37:49 [INFO] CSC is loading...   Success！
2026-04-03 21:40:45 [INFO] CSC is loading...   Success！
2026-04-03 21:41:10 [INFO]    _____  _____  _____ 
2026-04-03 21:41:10 [INFO]   / ____|/ ____|/ ____|
2026-04-03 21:41:10 [INFO]  | |    | (___ | |        [CSC] Version: v0.21.18
2026-04-03 21:41:10 [INFO]  | |     \___ \| |        Minecraft Version: 1.21.1 forge
2026-04-03 21:41:10 [INFO]  | |____ ____) | |____    Problem/Feedback: Tencent QQ：1061133894
2026-04-03 21:41:10 [INFO]   \_____|_____/ \_____|
2026-04-03 21:41:10 [INFO]                        
2026-04-03 21:41:43 [INFO] CSC close completely, thanks for using!
2026-04-03 21:42:16 [INFO]    _____  _____  _____ 
2026-04-03 21:42:16 [INFO]   / ____|/ ____|/ ____|
2026-04-03 21:42:16 [INFO]  | |    | (___ | |        [CSC] Version: v0.21.18
2026-04-03 21:42:16 [INFO]  | |     \___ \| |        Minecraft Version: 1.21.1 forge
2026-04-03 21:42:16 [INFO]  | |____ ____) | |____    Problem/Feedback: Tencent QQ：1061133894
2026-04-03 21:42:16 [INFO]   \_____|_____/ \_____|
2026-04-03 21:42:16 [INFO]                        
2026-04-03 21:53:26 [INFO] CSC close completely, thanks for using!
2026-04-07 13:47:23 [INFO] CSC is loading...   Success！
2026-04-07 13:47:57 [INFO]    _____  _____  _____ 
2026-04-07 13:47:57 [INFO]   / ____|/ ____|/ ____|
2026-04-07 13:47:57 [INFO]  | |    | (___ | |        [CSC] Version: v0.21.18
2026-04-07 13:47:57 [INFO]  | |     \___ \| |        Minecraft Version: 1.21.1 forge
2026-04-07 13:47:57 [INFO]  | |____ ____) | |____    Problem/Feedback: Tencent QQ：1061133894
2026-04-07 13:47:57 [INFO]   \_____|_____/ \_____|
2026-04-07 13:47:57 [INFO]                        
2026-04-07 13:48:40 [INFO] CSC close completely, thanks for using!
2026-04-09 12:26:29 [INFO] CSC is loading...   Success！
2026-04-09 12:26:54 [INFO]    _____  _____  _____ 
2026-04-09 12:26:54 [INFO]   / ____|/ ____|/ ____|
2026-04-09 12:26:54 [INFO]  | |    | (___ | |        [CSC] Version: v0.21.18
2026-04-09 12:26:54 [INFO]  | |     \___ \| |        Minecraft Version: 1.21.1 forge
2026-04-09 12:26:54 [INFO]  | |____ ____) | |____    Problem/Feedback: Tencent QQ：1061133894
2026-04-09 12:26:54 [INFO]   \_____|_____/ \_____|
2026-04-09 12:26:54 [INFO]                        
2026-04-09 12:35:17 [INFO] CSC close completely, thanks for using!
2026-04-09 12:36:21 [INFO] CSC is loading...   Success！
2026-04-09 12:36:41 [INFO]    _____  _____  _____ 
2026-04-09 12:36:41 [INFO]   / ____|/ ____|/ ____|
2026-04-09 12:36:41 [INFO]  | |    | (___ | |        [CSC] Version: v0.21.18
2026-04-09 12:36:41 [INFO]  | |     \___ \| |        Minecraft Version: 1.21.1 forge
2026-04-09 12:36:41 [INFO]  | |____ ____) | |____    Problem/Feedback: Tencent QQ：1061133894
2026-04-09 12:36:41 [INFO]   \_____|_____/ \_____|
2026-04-09 12:36:41 [INFO]                        
2026-04-09 12:38:32 [INFO] CSC close completely, thanks for using!
2026-04-09 12:57:34 [INFO] CSC is loading...   Success！
2026-04-09 13:00:23 [INFO]    _____  _____  _____ 
2026-04-09 13:00:23 [INFO]   / ____|/ ____|/ ____|
2026-04-09 13:00:23 [INFO]  | |    | (___ | |        [CSC] Version: v0.21.18
2026-04-09 13:00:23 [INFO]  | |     \___ \| |        Minecraft Version: 1.21.1 forge
2026-04-09 13:00:23 [INFO]  | |____ ____) | |____    Problem/Feedback: Tencent QQ：1061133894
2026-04-09 13:00:23 [INFO]   \_____|_____/ \_____|
2026-04-09 13:00:23 [INFO]                        
2026-04-09 13:00:53 [INFO] CSC close completely, thanks for using!
2026-04-12 20:08:29 [INFO] CSC is loading...   Success！
2026-04-12 20:10:12 [INFO]    _____  _____  _____ 
2026-04-12 20:10:12 [INFO]   / ____|/ ____|/ ____|
2026-04-12 20:10:12 [INFO]  | |    | (___ | |        [CSC] Version: v0.21.18
2026-04-12 20:10:12 [INFO]  | |     \___ \| |        Minecraft Version: 1.21.1 forge
2026-04-12 20:10:12 [INFO]  | |____ ____) | |____    Problem/Feedback: Tencent QQ：1061133894
2026-04-12 20:10:12 [INFO]   \_____|_____/ \_____|
2026-04-12 20:10:12 [INFO]                        
2026-04-12 20:12:42 [INFO] CSC close completely, thanks for using!
2026-04-19 16:51:39 [INFO] CSC is loading...   Success！
2026-04-19 16:52:00 [INFO]    _____  _____  _____ 
2026-04-19 16:52:00 [INFO]   / ____|/ ____|/ ____|
2026-04-19 16:52:00 [INFO]  | |    | (___ | |        [CSC] Version: v0.21.18
2026-04-19 16:52:00 [INFO]  | |     \___ \| |        Minecraft Version: 1.21.1 forge
2026-04-19 16:52:00 [INFO]  | |____ ____) | |____    Problem/Feedback: Tencent QQ：1061133894
2026-04-19 16:52:00 [INFO]   \_____|_____/ \_____|
2026-04-19 16:52:00 [INFO]                        
2026-04-19 16:54:04 [INFO] CSC close completely, thanks for using!
2026-04-20 19:05:56 [INFO] CSC is loading...   Success！
2026-04-20 19:06:15 [INFO]    _____  _____  _____ 
2026-04-20 19:06:15 [INFO]   / ____|/ ____|/ ____|
2026-04-20 19:06:15 [INFO]  | |    | (___ | |        [CSC] Version: v0.21.18
2026-04-20 19:06:15 [INFO]  | |     \___ \| |        Minecraft Version: 1.21.1 forge
2026-04-20 19:06:15 [INFO]  | |____ ____) | |____    Problem/Feedback: Tencent QQ：1061133894
2026-04-20 19:06:15 [INFO]   \_____|_____/ \_____|
2026-04-20 19:06:15 [INFO]                        
2026-04-20 19:06:27 [INFO] CSC close completely, thanks for using!
2026-04-20 19:17:20 [INFO] CSC is loading...   Success！
2026-04-20 19:20:34 [INFO]    _____  _____  _____ 
2026-04-20 19:20:34 [INFO]   / ____|/ ____|/ ____|
2026-04-20 19:20:34 [INFO]  | |    | (___ | |        [CSC] Version: v0.21.18
2026-04-20 19:20:34 [INFO]  | |     \___ \| |        Minecraft Version: 1.21.1 forge
2026-04-20 19:20:34 [INFO]  | |____ ____) | |____    Problem/Feedback: Tencent QQ：1061133894
2026-04-20 19:20:34 [INFO]   \_____|_____/ \_____|
2026-04-20 19:20:34 [INFO]                        
2026-04-20 19:22:53 [INFO] CSC close completely, thanks for using!
2026-04-20 19:25:24 [INFO]    _____  _____  _____ 
2026-04-20 19:25:24 [INFO]   / ____|/ ____|/ ____|
2026-04-20 19:25:24 [INFO]  | |    | (___ | |        [CSC] Version: v0.21.18
2026-04-20 19:25:24 [INFO]  | |     \___ \| |        Minecraft Version: 1.21.1 forge
2026-04-20 19:25:24 [INFO]  | |____ ____) | |____    Problem/Feedback: Tencent QQ：1061133894
2026-04-20 19:25:24 [INFO]   \_____|_____/ \_____|
2026-04-20 19:25:24 [INFO]                        
2026-04-20 19:32:45 [INFO] CSC close completely, thanks for using!
2026-04-21 14:00:13 [INFO] CSC is loading...   Success！
2026-04-21 14:00:36 [INFO]    _____  _____  _____ 
2026-04-21 14:00:36 [INFO]   / ____|/ ____|/ ____|
2026-04-21 14:00:36 [INFO]  | |    | (___ | |        [CSC] Version: v0.21.18
2026-04-21 14:00:36 [INFO]  | |     \___ \| |        Minecraft Version: 1.21.1 forge
2026-04-21 14:00:36 [INFO]  | |____ ____) | |____    Problem/Feedback: Tencent QQ：1061133894
2026-04-21 14:00:36 [INFO]   \_____|_____/ \_____|
2026-04-21 14:00:36 [INFO]                        
2026-04-21 14:00:56 [INFO] CSC close completely, thanks for using!
2026-04-23 18:09:39 [INFO] CSC is loading...   Success！
2026-04-23 18:10:04 [INFO]    _____  _____  _____ 
2026-04-23 18:10:04 [INFO]   / ____|/ ____|/ ____|
2026-04-23 18:10:04 [INFO]  | |    | (___ | |        [CSC] Version: v0.21.18
2026-04-23 18:10:04 [INFO]  | |     \___ \| |        Minecraft Version: 1.21.1 forge
2026-04-23 18:10:04 [INFO]  | |____ ____) | |____    Problem/Feedback: Tencent QQ：1061133894
2026-04-23 18:10:04 [INFO]   \_____|_____/ \_____|
2026-04-23 18:10:04 [INFO]                        
2026-04-23 18:13:07 [INFO] CSC close completely, thanks for using!
2026-04-26 18:53:37 [INFO] CSC is loading...   Success！
2026-04-26 18:56:03 [INFO]    _____  _____  _____ 
2026-04-26 18:56:03 [INFO]   / ____|/ ____|/ ____|
2026-04-26 18:56:03 [INFO]  | |    | (___ | |        [CSC] Version: v0.21.18
2026-04-26 18:56:03 [INFO]  | |     \___ \| |        Minecraft Version: 1.21.1 forge
2026-04-26 18:56:03 [INFO]  | |____ ____) | |____    Problem/Feedback: Tencent QQ：1061133894
2026-04-26 18:56:03 [INFO]   \_____|_____/ \_____|
2026-04-26 18:56:03 [INFO]                        
2026-04-26 18:57:02 [INFO] CSC close completely, thanks for using!
2026-05-01 18:18:25 [INFO] CSC is loading...   Success！
2026-05-01 18:20:21 [INFO] CSC is loading...   Success！
2026-05-01 18:20:40 [INFO]    _____  _____  _____ 
2026-05-01 18:20:40 [INFO]   / ____|/ ____|/ ____|
2026-05-01 18:20:40 [INFO]  | |    | (___ | |        [CSC] Version: v1.21.20
2026-05-01 18:20:40 [INFO]  | |     \___ \| |        Minecraft Version: 1.21.1 neoforge
2026-05-01 18:20:40 [INFO]  | |____ ____) | |____    Problem/Feedback: Tencent QQ：1061133894
2026-05-01 18:20:40 [INFO]   \_____|_____/ \_____|
2026-05-01 18:20:40 [INFO]                        
2026-05-01 18:21:04 [INFO] CSC close completely, thanks for using!
2026-05-01 18:22:20 [INFO] CSC is loading...   Success！
2026-05-01 18:23:03 [INFO]    _____  _____  _____ 
2026-05-01 18:23:03 [INFO]   / ____|/ ____|/ ____|
2026-05-01 18:23:03 [INFO]  | |    | (___ | |        [CSC] Version: v1.21.20
2026-05-01 18:23:03 [INFO]  | |     \___ \| |        Minecraft Version: 1.21.1 neoforge
2026-05-01 18:23:03 [INFO]  | |____ ____) | |____    Problem/Feedback: Tencent QQ：1061133894
2026-05-01 18:23:03 [INFO]   \_____|_____/ \_____|
2026-05-01 18:23:03 [INFO]                        
2026-05-01 18:23:21 [INFO] CSC close completely, thanks for using!
2026-05-01 18:43:36 [INFO] CSC is loading...   Success！
2026-05-12 17:47:56 [INFO] CSC is loading...   Success！
2026-05-12 17:58:34 [INFO] CSC is loading...   Success！
2026-05-12 18:06:52 [INFO]    _____  _____  _____ 
2026-05-12 18:06:52 [INFO]   / ____|/ ____|/ ____|
2026-05-12 18:06:52 [INFO]  | |    | (___ | |        [CSC] Version: v1.21.20
2026-05-12 18:06:52 [INFO]  | |     \___ \| |        Minecraft Version: 1.21.1 neoforge
2026-05-12 18:06:52 [INFO]  | |____ ____) | |____    Problem/Feedback: Tencent QQ：1061133894
2026-05-12 18:06:52 [INFO]   \_____|_____/ \_____|
2026-05-12 18:06:52 [INFO]                        
2026-05-12 18:10:29 [INFO] CSC close completely, thanks for using!
2026-05-12 18:11:30 [INFO] CSC is loading...   Success！
2026-05-12 18:14:00 [INFO]    _____  _____  _____ 
2026-05-12 18:14:00 [INFO]   / ____|/ ____|/ ____|
2026-05-12 18:14:00 [INFO]  | |    | (___ | |        [CSC] Version: v1.21.20
2026-05-12 18:14:00 [INFO]  | |     \___ \| |        Minecraft Version: 1.21.1 neoforge
2026-05-12 18:14:00 [INFO]  | |____ ____) | |____    Problem/Feedback: Tencent QQ：1061133894
2026-05-12 18:14:00 [INFO]   \_____|_____/ \_____|
2026-05-12 18:14:00 [INFO]                        
2026-05-12 18:15:04 [INFO] CSC close completely, thanks for using!
2026-05-12 18:16:36 [INFO] CSC is loading...   Success！
2026-05-12 18:16:59 [INFO]    _____  _____  _____ 
2026-05-12 18:16:59 [INFO]   / ____|/ ____|/ ____|
2026-05-12 18:16:59 [INFO]  | |    | (___ | |        [CSC] Version: v1.21.20
2026-05-12 18:16:59 [INFO]  | |     \___ \| |        Minecraft Version: 1.21.1 neoforge
2026-05-12 18:16:59 [INFO]  | |____ ____) | |____    Problem/Feedback: Tencent QQ：1061133894
2026-05-12 18:16:59 [INFO]   \_____|_____/ \_____|
2026-05-12 18:16:59 [INFO]                        
2026-05-12 18:17:51 [INFO] CSC close completely, thanks for using!
2026-05-12 19:43:27 [INFO] CSC is loading...   Success！
2026-05-12 19:43:58 [INFO]    _____  _____  _____ 
2026-05-12 19:43:58 [INFO]   / ____|/ ____|/ ____|
2026-05-12 19:43:58 [INFO]  | |    | (___ | |        [CSC] Version: v1.21.20
2026-05-12 19:43:58 [INFO]  | |     \___ \| |        Minecraft Version: 1.21.1 neoforge
2026-05-12 19:43:58 [INFO]  | |____ ____) | |____    Problem/Feedback: Tencent QQ：1061133894
2026-05-12 19:43:58 [INFO]   \_____|_____/ \_____|
2026-05-12 19:43:58 [INFO]                        
2026-05-12 19:44:34 [INFO] CSC close completely, thanks for using!
2026-05-12 19:45:16 [INFO]    _____  _____  _____ 
2026-05-12 19:45:16 [INFO]   / ____|/ ____|/ ____|
2026-05-12 19:45:16 [INFO]  | |    | (___ | |        [CSC] Version: v1.21.20
2026-05-12 19:45:16 [INFO]  | |     \___ \| |        Minecraft Version: 1.21.1 neoforge
2026-05-12 19:45:16 [INFO]  | |____ ____) | |____    Problem/Feedback: Tencent QQ：1061133894
2026-05-12 19:45:16 [INFO]   \_____|_____/ \_____|
2026-05-12 19:45:16 [INFO]                        
2026-05-12 19:47:49 [INFO] CSC close completely, thanks for using!
2026-05-15 18:43:51 [WARN] [CSC] Old config.toml archived to C:\Users\andre\curseforge\minecraft\Instances\All of Create\config\CSC\config_old_2026_05_15_18_43_51.toml because ConfigVersion changed from missing to 1.21.25
2026-05-15 18:43:53 [INFO] CSC is loading...   Success！
2026-05-15 18:44:25 [INFO]    _____  _____  _____ 
2026-05-15 18:44:25 [INFO]   / ____|/ ____|/ ____|
2026-05-15 18:44:25 [INFO]  | |    | (___ | |        [CSC] Version: v1.21.25
2026-05-15 18:44:25 [INFO]  | |     \___ \| |        Minecraft Version: 1.21.1 neoforge
2026-05-15 18:44:25 [INFO]  | |____ ____) | |____    Problem/Feedback: Discord: https://discord.gg/rQV5JPauY7
2026-05-15 18:44:25 [INFO]   \_____|_____/ \_____|
2026-05-15 18:44:25 [INFO]                        
2026-05-15 18:44:25 [INFO] Security notice: Mod id whitelist mode is enabled. This feature restricts printing blocks from mods outside the whitelist to reduce the risk of blueprint vulnerabilities from unknown mods.
If the administrator already understands this security notice, disable the notice with: /csc notice whitelistid off
Control mod id whitelist mode: /csc mode whitelistid on|off
Open config/CSC/config.toml for more detailed configuration.
2026-05-15 18:44:43 [INFO] CSC close completely, thanks for using!
2026-05-25 16:48:38 [INFO] CSC is loading...   Success！
2026-05-25 16:49:12 [INFO]    _____  _____  _____ 
2026-05-25 16:49:12 [INFO]   / ____|/ ____|/ ____|
2026-05-25 16:49:12 [INFO]  | |    | (___ | |        [CSC] Version: v1.21.25
2026-05-25 16:49:12 [INFO]  | |     \___ \| |        Minecraft Version: 1.21.1 neoforge
2026-05-25 16:49:12 [INFO]  | |____ ____) | |____    Problem/Feedback: Discord: https://discord.gg/rQV5JPauY7
2026-05-25 16:49:12 [INFO]   \_____|_____/ \_____|
2026-05-25 16:49:12 [INFO]                        
2026-05-25 16:49:12 [INFO] Security notice: Mod id whitelist mode is enabled. This feature restricts printing blocks from mods outside the whitelist to reduce the risk of blueprint vulnerabilities from unknown mods.
If the administrator already understands this security notice, disable the notice with: /csc notice whitelistid off
Control mod id whitelist mode: /csc mode whitelistid on|off
Open config/CSC/config.toml for more detailed configuration.
2026-05-25 16:54:55 [INFO] CSC close completely, thanks for using!
2026-05-31 17:43:06 [WARN] [CSC] Old config.toml archived to C:\Users\andre\curseforge\minecraft\Instances\All of Create\config\CSC\config_old_2026_05_31_17_43_06.toml because ConfigVersion changed from 1.21.25 to 1.21.26
2026-05-31 17:43:08 [INFO] CSC is loading...   Success！
2026-05-31 17:48:38 [INFO]    _____  _____  _____ 
2026-05-31 17:48:38 [INFO]   / ____|/ ____|/ ____|
2026-05-31 17:48:38 [INFO]  | |    | (___ | |        [CSC] Version: v1.21.26
2026-05-31 17:48:38 [INFO]  | |     \___ \| |        Minecraft Version: 1.21.1 neoforge
2026-05-31 17:48:38 [INFO]  | |____ ____) | |____    Problem/Feedback: Discord: https://discord.gg/rQV5JPauY7
2026-05-31 17:48:38 [INFO]   \_____|_____/ \_____|
2026-05-31 17:48:38 [INFO]                        
2026-05-31 17:48:38 [INFO] Security notice: Mod id whitelist mode is enabled. This feature restricts printing blocks from mods outside the whitelist to reduce the risk of blueprint vulnerabilities from unknown mods.
If the administrator already understands this security notice, disable the notice with: /csc notice whitelistid off
Control mod id whitelist mode: /csc mode whitelistid on|off
Open config/CSC/config.toml for more detailed configuration.
2026-05-31 17:49:35 [INFO]  Reloading configuration--
2026-05-31 17:49:35 [INFO]  Configuration loaded
2026-05-31 17:53:57 [INFO] CSC close completely, thanks for using!
2026-05-31 17:54:47 [INFO]    _____  _____  _____ 
2026-05-31 17:54:47 [INFO]   / ____|/ ____|/ ____|
2026-05-31 17:54:47 [INFO]  | |    | (___ | |        [CSC] Version: v1.21.26
2026-05-31 17:54:47 [INFO]  | |     \___ \| |        Minecraft Version: 1.21.1 neoforge
2026-05-31 17:54:47 [INFO]  | |____ ____) | |____    Problem/Feedback: Discord: https://discord.gg/rQV5JPauY7
2026-05-31 17:54:47 [INFO]   \_____|_____/ \_____|
2026-05-31 17:54:47 [INFO]                        
2026-05-31 17:55:57 [INFO] CSC close completely, thanks for using!
2026-05-31 18:00:49 [INFO] CSC is loading...   Success！
2026-05-31 18:02:05 [INFO] CSC is loading...   Success！
2026-05-31 18:03:10 [INFO]    _____  _____  _____ 
2026-05-31 18:03:10 [INFO]   / ____|/ ____|/ ____|
2026-05-31 18:03:10 [INFO]  | |    | (___ | |        [CSC] Version: v1.21.26
2026-05-31 18:03:10 [INFO]  | |     \___ \| |        Minecraft Version: 1.21.1 neoforge
2026-05-31 18:03:10 [INFO]  | |____ ____) | |____    Problem/Feedback: Discord: https://discord.gg/rQV5JPauY7
2026-05-31 18:03:10 [INFO]   \_____|_____/ \_____|
2026-05-31 18:03:10 [INFO]                        
2026-05-31 18:09:39 [INFO] CSC close completely, thanks for using!
2026-05-31 18:10:44 [INFO]    _____  _____  _____ 
2026-05-31 18:10:44 [INFO]   / ____|/ ____|/ ____|
2026-05-31 18:10:44 [INFO]  | |    | (___ | |        [CSC] Version: v1.21.26
2026-05-31 18:10:44 [INFO]  | |     \___ \| |        Minecraft Version: 1.21.1 neoforge
2026-05-31 18:10:44 [INFO]  | |____ ____) | |____    Problem/Feedback: Discord: https://discord.gg/rQV5JPauY7
2026-05-31 18:10:44 [INFO]   \_____|_____/ \_____|
2026-05-31 18:10:44 [INFO]                        
2026-05-31 18:11:41 [INFO] CSC close completely, thanks for using!
2026-05-31 18:12:29 [INFO] CSC is loading...   Success！
2026-05-31 18:13:32 [INFO]    _____  _____  _____ 
2026-05-31 18:13:32 [INFO]   / ____|/ ____|/ ____|
2026-05-31 18:13:32 [INFO]  | |    | (___ | |        [CSC] Version: v1.21.26
2026-05-31 18:13:32 [INFO]  | |     \___ \| |        Minecraft Version: 1.21.1 neoforge
2026-05-31 18:13:32 [INFO]  | |____ ____) | |____    Problem/Feedback: Discord: https://discord.gg/rQV5JPauY7
2026-05-31 18:13:32 [INFO]   \_____|_____/ \_____|
2026-05-31 18:13:32 [INFO]                        
2026-05-31 18:14:37 [INFO] CSC close completely, thanks for using!
2026-05-31 18:29:29 [INFO] CSC is loading...   Success！
2026-05-31 18:29:47 [INFO]    _____  _____  _____ 
2026-05-31 18:29:47 [INFO]   / ____|/ ____|/ ____|
2026-05-31 18:29:47 [INFO]  | |    | (___ | |        [CSC] Version: v1.21.26
2026-05-31 18:29:47 [INFO]  | |     \___ \| |        Minecraft Version: 1.21.1 neoforge
2026-05-31 18:29:47 [INFO]  | |____ ____) | |____    Problem/Feedback: Discord: https://discord.gg/rQV5JPauY7
2026-05-31 18:29:47 [INFO]   \_____|_____/ \_____|
2026-05-31 18:29:47 [INFO]                        
2026-05-31 18:30:26 [INFO] CSC close completely, thanks for using!
2026-05-31 19:46:19 [INFO] CSC is loading...   Success！
2026-05-31 20:20:10 [INFO]    _____  _____  _____ 
2026-05-31 20:20:10 [INFO]   / ____|/ ____|/ ____|
2026-05-31 20:20:10 [INFO]  | |    | (___ | |        [CSC] Version: v1.21.26
2026-05-31 20:20:10 [INFO]  | |     \___ \| |        Minecraft Version: 1.21.1 neoforge
2026-05-31 20:20:10 [INFO]  | |____ ____) | |____    Problem/Feedback: Discord: https://discord.gg/rQV5JPauY7
2026-05-31 20:20:10 [INFO]   \_____|_____/ \_____|
2026-05-31 20:20:10 [INFO]                        
2026-05-31 20:41:51 [INFO] CSC close completely, thanks for using!
2026-06-03 20:48:37 [INFO] CSC is loading...   Success！
2026-06-03 20:49:38 [INFO]    _____  _____  _____ 
2026-06-03 20:49:38 [INFO]   / ____|/ ____|/ ____|
2026-06-03 20:49:38 [INFO]  | |    | (___ | |        [CSC] Version: v1.21.26
2026-06-03 20:49:38 [INFO]  | |     \___ \| |        Minecraft Version: 1.21.1 neoforge
2026-06-03 20:49:38 [INFO]  | |____ ____) | |____    Problem/Feedback: Discord: https://discord.gg/rQV5JPauY7
2026-06-03 20:49:38 [INFO]   \_____|_____/ \_____|
2026-06-03 20:49:38 [INFO]                        
2026-06-03 20:50:01 [INFO] CSC close completely, thanks for using!
2026-06-13 12:13:54 [INFO] CSC is loading...   Success！
2026-06-13 12:14:59 [INFO]    _____  _____  _____ 
2026-06-13 12:14:59 [INFO]   / ____|/ ____|/ ____|
2026-06-13 12:14:59 [INFO]  | |    | (___ | |        [CSC] Version: v1.21.26
2026-06-13 12:14:59 [INFO]  | |     \___ \| |        Minecraft Version: 1.21.1 neoforge
2026-06-13 12:14:59 [INFO]  | |____ ____) | |____    Problem/Feedback: Discord: https://discord.gg/rQV5JPauY7
2026-06-13 12:14:59 [INFO]   \_____|_____/ \_____|
2026-06-13 12:14:59 [INFO]                        
2026-06-13 12:15:27 [INFO] CSC close completely, thanks for using!
2026-06-13 12:17:41 [INFO] CSC is loading...   Success！
2026-06-13 12:18:12 [INFO]    _____  _____  _____ 
2026-06-13 12:18:12 [INFO]   / ____|/ ____|/ ____|
2026-06-13 12:18:12 [INFO]  | |    | (___ | |        [CSC] Version: v1.21.26
2026-06-13 12:18:12 [INFO]  | |     \___ \| |        Minecraft Version: 1.21.1 neoforge
2026-06-13 12:18:12 [INFO]  | |____ ____) | |____    Problem/Feedback: Discord: https://discord.gg/rQV5JPauY7
2026-06-13 12:18:12 [INFO]   \_____|_____/ \_____|
2026-06-13 12:18:12 [INFO]                        
2026-06-13 12:18:24 [INFO] CSC close completely, thanks for using!
2026-06-13 12:19:45 [INFO] CSC is loading...   Success！
2026-06-13 12:20:20 [INFO]    _____  _____  _____ 
2026-06-13 12:20:20 [INFO]   / ____|/ ____|/ ____|
2026-06-13 12:20:20 [INFO]  | |    | (___ | |        [CSC] Version: v1.21.26
2026-06-13 12:20:20 [INFO]  | |     \___ \| |        Minecraft Version: 1.21.1 neoforge
2026-06-13 12:20:20 [INFO]  | |____ ____) | |____    Problem/Feedback: Discord: https://discord.gg/rQV5JPauY7
2026-06-13 12:20:20 [INFO]   \_____|_____/ \_____|
2026-06-13 12:20:20 [INFO]                        
2026-06-13 12:21:03 [INFO] CSC close completely, thanks for using!
2026-06-13 12:22:06 [INFO]    _____  _____  _____ 
2026-06-13 12:22:06 [INFO]   / ____|/ ____|/ ____|
2026-06-13 12:22:06 [INFO]  | |    | (___ | |        [CSC] Version: v1.21.26
2026-06-13 12:22:06 [INFO]  | |     \___ \| |        Minecraft Version: 1.21.1 neoforge
2026-06-13 12:22:06 [INFO]  | |____ ____) | |____    Problem/Feedback: Discord: https://discord.gg/rQV5JPauY7
2026-06-13 12:22:06 [INFO]   \_____|_____/ \_____|
2026-06-13 12:22:06 [INFO]                        
2026-06-13 12:23:05 [INFO] CSC close completely, thanks for using!
2026-07-24 09:58:08 [INFO] CSC is loading...   Success！
2026-07-24 09:58:32 [INFO]    _____  _____  _____ 
2026-07-24 09:58:32 [INFO]   / ____|/ ____|/ ____|
2026-07-24 09:58:32 [INFO]  | |    | (___ | |        [CSC] Version: v1.21.26
2026-07-24 09:58:32 [INFO]  | |     \___ \| |        Minecraft Version: 1.21.1 neoforge
2026-07-24 09:58:32 [INFO]  | |____ ____) | |____    Problem/Feedback: Discord: https://discord.gg/rQV5JPauY7
2026-07-24 09:58:32 [INFO]   \_____|_____/ \_____|
2026-07-24 09:58:32 [INFO]                        
2026-07-24 09:58:34 [INFO] CSC close completely, thanks for using!
2026-07-24 09:59:41 [INFO] CSC is loading...   Success！
2026-07-24 10:00:04 [INFO]    _____  _____  _____ 
2026-07-24 10:00:04 [INFO]   / ____|/ ____|/ ____|
2026-07-24 10:00:04 [INFO]  | |    | (___ | |        [CSC] Version: v1.21.26
2026-07-24 10:00:04 [INFO]  | |     \___ \| |        Minecraft Version: 1.21.1 neoforge
2026-07-24 10:00:04 [INFO]  | |____ ____) | |____    Problem/Feedback: Discord: https://discord.gg/rQV5JPauY7
2026-07-24 10:00:04 [INFO]   \_____|_____/ \_____|
2026-07-24 10:00:04 [INFO]                        
2026-07-24 10:00:06 [INFO] CSC close completely, thanks for using!
2026-07-24 10:02:17 [INFO] CSC is loading...   Success！
2026-07-24 10:02:56 [INFO]    _____  _____  _____ 
2026-07-24 10:02:56 [INFO]   / ____|/ ____|/ ____|
2026-07-24 10:02:56 [INFO]  | |    | (___ | |        [CSC] Version: v1.21.26
2026-07-24 10:02:56 [INFO]  | |     \___ \| |        Minecraft Version: 1.21.1 neoforge
2026-07-24 10:02:56 [INFO]  | |____ ____) | |____    Problem/Feedback: Discord: https://discord.gg/rQV5JPauY7
2026-07-24 10:02:56 [INFO]   \_____|_____/ \_____|
2026-07-24 10:02:56 [INFO]                        
2026-07-24 10:03:33 [INFO] CSC close completely, thanks for using!
2026-07-24 10:05:25 [INFO]    _____  _____  _____ 
2026-07-24 10:05:25 [INFO]   / ____|/ ____|/ ____|
2026-07-24 10:05:25 [INFO]  | |    | (___ | |        [CSC] Version: v1.21.26
2026-07-24 10:05:25 [INFO]  | |     \___ \| |        Minecraft Version: 1.21.1 neoforge
2026-07-24 10:05:25 [INFO]  | |____ ____) | |____    Problem/Feedback: Discord: https://discord.gg/rQV5JPauY7
2026-07-24 10:05:25 [INFO]   \_____|_____/ \_____|
2026-07-24 10:05:25 [INFO]                        
2026-07-24 10:12:07 [INFO] CSC close completely, thanks for using!
2026-07-24 10:14:58 [WARN] [CSC] Old config.toml archived to C:\Users\andrew\curseforge\minecraft\Instances\All of Create\config\CSC\config_old_2026_07_24_10_14_58.toml because ConfigVersion changed from 1.21.26 to 1.21.27
2026-07-24 10:14:59 [INFO] CSC is loading...   Success！
2026-07-24 10:15:19 [INFO]    _____  _____  _____ 
2026-07-24 10:15:19 [INFO]   / ____|/ ____|/ ____|
2026-07-24 10:15:19 [INFO]  | |    | (___ | |        [CSC] Version: v1.21.27
2026-07-24 10:15:19 [INFO]  | |     \___ \| |        Minecraft Version: 1.21.1 neoforge
2026-07-24 10:15:19 [INFO]  | |____ ____) | |____    Problem/Feedback: Discord: https://discord.gg/rQV5JPauY7
2026-07-24 10:15:19 [INFO]   \_____|_____/ \_____|
2026-07-24 10:15:19 [INFO]                        
2026-07-24 10:16:07 [INFO] CSC close completely, thanks for using!
2026-07-24 10:19:13 [INFO] CSC is loading...   Success！
2026-07-24 10:19:35 [INFO]    _____  _____  _____ 
2026-07-24 10:19:35 [INFO]   / ____|/ ____|/ ____|
2026-07-24 10:19:35 [INFO]  | |    | (___ | |        [CSC] Version: v1.21.27
2026-07-24 10:19:35 [INFO]  | |     \___ \| |        Minecraft Version: 1.21.1 neoforge
2026-07-24 10:19:35 [INFO]  | |____ ____) | |____    Problem/Feedback: Discord: https://discord.gg/rQV5JPauY7
2026-07-24 10:19:35 [INFO]   \_____|_____/ \_____|
2026-07-24 10:19:35 [INFO]                        
2026-07-24 10:20:18 [INFO] CSC close completely, thanks for using!
2026-07-24 10:20:59 [INFO] CSC is loading...   Success！
2026-07-24 10:25:01 [INFO]    _____  _____  _____ 
2026-07-24 10:25:01 [INFO]   / ____|/ ____|/ ____|
2026-07-24 10:25:01 [INFO]  | |    | (___ | |        [CSC] Version: v1.21.27
2026-07-24 10:25:01 [INFO]  | |     \___ \| |        Minecraft Version: 1.21.1 neoforge
2026-07-24 10:25:01 [INFO]  | |____ ____) | |____    Problem/Feedback: Discord: https://discord.gg/rQV5JPauY7
2026-07-24 10:25:01 [INFO]   \_____|_____/ \_____|
2026-07-24 10:25:01 [INFO]                        
2026-07-24 10:27:03 [INFO] CSC close completely, thanks for using!
2026-07-24 10:27:37 [INFO]    _____  _____  _____ 
2026-07-24 10:27:37 [INFO]   / ____|/ ____|/ ____|
2026-07-24 10:27:37 [INFO]  | |    | (___ | |        [CSC] Version: v1.21.27
2026-07-24 10:27:37 [INFO]  | |     \___ \| |        Minecraft Version: 1.21.1 neoforge
2026-07-24 10:27:37 [INFO]  | |____ ____) | |____    Problem/Feedback: Discord: https://discord.gg/rQV5JPauY7
2026-07-24 10:27:37 [INFO]   \_____|_____/ \_____|
2026-07-24 10:27:37 [INFO]                        
2026-07-24 10:29:02 [INFO] CSC close completely, thanks for using!
2026-07-24 10:53:27 [INFO]    _____  _____  _____ 
2026-07-24 10:53:27 [INFO]   / ____|/ ____|/ ____|
2026-07-24 10:53:27 [INFO]  | |    | (___ | |        [CSC] Version: v1.21.27
2026-07-24 10:53:27 [INFO]  | |     \___ \| |        Minecraft Version: 1.21.1 neoforge
2026-07-24 10:53:27 [INFO]  | |____ ____) | |____    Problem/Feedback: Discord: https://discord.gg/rQV5JPauY7
2026-07-24 10:53:27 [INFO]   \_____|_____/ \_____|
2026-07-24 10:53:27 [INFO]                        
2026-07-24 10:54:54 [INFO] CSC close completely, thanks for using!
2026-07-24 10:56:55 [INFO]    _____  _____  _____ 
2026-07-24 10:56:55 [INFO]   / ____|/ ____|/ ____|
2026-07-24 10:56:55 [INFO]  | |    | (___ | |        [CSC] Version: v1.21.27
2026-07-24 10:56:55 [INFO]  | |     \___ \| |        Minecraft Version: 1.21.1 neoforge
2026-07-24 10:56:55 [INFO]  | |____ ____) | |____    Problem/Feedback: Discord: https://discord.gg/rQV5JPauY7
2026-07-24 10:56:55 [INFO]   \_____|_____/ \_____|
2026-07-24 10:56:55 [INFO]                        
2026-07-24 11:00:17 [INFO] CSC close completely, thanks for using!
2026-07-25 10:16:43 [INFO] CSC is loading...   Success！
2026-07-25 10:17:06 [INFO]    _____  _____  _____ 
2026-07-25 10:17:06 [INFO]   / ____|/ ____|/ ____|
2026-07-25 10:17:06 [INFO]  | |    | (___ | |        [CSC] Version: v1.21.27
2026-07-25 10:17:06 [INFO]  | |     \___ \| |        Minecraft Version: 1.21.1 neoforge
2026-07-25 10:17:06 [INFO]  | |____ ____) | |____    Problem/Feedback: Discord: https://discord.gg/rQV5JPauY7
2026-07-25 10:17:06 [INFO]   \_____|_____/ \_____|
2026-07-25 10:17:06 [INFO]                        
2026-07-25 10:19:16 [INFO] CSC close completely, thanks for using!
2026-07-31 16:58:52 [INFO] CSC is loading...   Success！
2026-07-31 16:59:15 [INFO]    _____  _____  _____ 
2026-07-31 16:59:15 [INFO]   / ____|/ ____|/ ____|
2026-07-31 16:59:15 [INFO]  | |    | (___ | |        [CSC] Version: v1.21.27
2026-07-31 16:59:15 [INFO]  | |     \___ \| |        Minecraft Version: 1.21.1 neoforge
2026-07-31 16:59:15 [INFO]  | |____ ____) | |____    Problem/Feedback: Discord: https://discord.gg/rQV5JPauY7
2026-07-31 16:59:15 [INFO]   \_____|_____/ \_____|
2026-07-31 16:59:15 [INFO]                        
2026-07-31 17:00:10 [INFO] CSC close completely, thanks for using!
2026-08-09 16:24:27 [WARN] [CSC] Old config.toml archived to C:\Users\andrew\curseforge\minecraft\Instances\All of Create\config\CSC\config_old_2026_08_09_16_24_27.toml because ConfigVersion changed from 1.21.27 to 2.27.42
2026-08-09 16:24:27 [INFO] CSC is loading...   Success！
2026-08-09 16:24:59 [INFO]    _____  _____  _____ 
2026-08-09 16:24:59 [INFO]   / ____|/ ____|/ ____|
2026-08-09 16:24:59 [INFO]  | |    | (___ | |        [CSC] Version: v2.27.42
2026-08-09 16:24:59 [INFO]  | |     \___ \| |        Minecraft Version: 1.21.1 neoforge
2026-08-09 16:24:59 [INFO]  | |____ ____) | |____    Problem/Feedback: Discord: https://discord.gg/rQV5JPauY7
2026-08-09 16:24:59 [INFO]   \_____|_____/ \_____|
2026-08-09 16:24:59 [INFO]                        
2026-08-09 16:27:10 [INFO] CSC close completely, thanks for using!
2026-08-29 16:36:44 [INFO] CSC is loading...   Success！
2026-08-29 16:38:04 [INFO]    _____  _____  _____ 
2026-08-29 16:38:04 [INFO]   / ____|/ ____|/ ____|
2026-08-29 16:38:04 [INFO]  | |    | (___ | |        [CSC] Version: v2.27.42
2026-08-29 16:38:04 [INFO]  | |     \___ \| |        Minecraft Version: 1.21.1 neoforge
2026-08-29 16:38:04 [INFO]  | |____ ____) | |____    Problem/Feedback: Discord: https://discord.gg/rQV5JPauY7
2026-08-29 16:38:04 [INFO]   \_____|_____/ \_____|
2026-08-29 16:38:04 [INFO]                        
2026-08-29 16:38:48 [INFO] CSC close completely, thanks for using!
2026-08-29 17:42:03 [INFO] CSC is loading...   Success！
2026-08-29 17:42:48 [INFO]    _____  _____  _____ 
2026-08-29 17:42:48 [INFO]   / ____|/ ____|/ ____|
2026-08-29 17:42:48 [INFO]  | |    | (___ | |        [CSC] Version: v2.27.42
2026-08-29 17:42:48 [INFO]  | |     \___ \| |        Minecraft Version: 1.21.1 neoforge
2026-08-29 17:42:48 [INFO]  | |____ ____) | |____    Problem/Feedback: Discord: https://discord.gg/rQV5JPauY7
2026-08-29 17:42:48 [INFO]   \_____|_____/ \_____|
2026-08-29 17:42:48 [INFO]                        
2026-08-29 17:56:55 [INFO] CSC close completely, thanks for using!
2026-08-29 18:51:20 [INFO] CSC is loading...   Success！
2026-08-29 18:56:24 [INFO] CSC is loading...   Success！
2026-08-29 18:57:50 [INFO]    _____  _____  _____ 
2026-08-29 18:57:50 [INFO]   / ____|/ ____|/ ____|
2026-08-29 18:57:50 [INFO]  | |    | (___ | |        [CSC] Version: v2.27.42
2026-08-29 18:57:50 [INFO]  | |     \___ \| |        Minecraft Version: 1.21.1 neoforge
2026-08-29 18:57:50 [INFO]  | |____ ____) | |____    Problem/Feedback: Discord: https://discord.gg/rQV5JPauY7
2026-08-29 18:57:50 [INFO]   \_____|_____/ \_____|
2026-08-29 18:57:50 [INFO]                        
2026-08-29 19:34:40 [INFO] CSC close completely, thanks for using!
2026-08-29 19:34:56 [INFO]    _____  _____  _____ 
2026-08-29 19:34:56 [INFO]   / ____|/ ____|/ ____|
2026-08-29 19:34:56 [INFO]  | |    | (___ | |        [CSC] Version: v2.27.42
2026-08-29 19:34:56 [INFO]  | |     \___ \| |        Minecraft Version: 1.21.1 neoforge
2026-08-29 19:34:56 [INFO]  | |____ ____) | |____    Problem/Feedback: Discord: https://discord.gg/rQV5JPauY7
2026-08-29 19:34:56 [INFO]   \_____|_____/ \_____|
2026-08-29 19:34:56 [INFO]                        
2026-08-29 19:49:20 [INFO] CSC close completely, thanks for using!
2026-08-29 20:32:34 [INFO] CSC is loading...   Success！
2026-08-29 20:48:49 [INFO]    _____  _____  _____ 
2026-08-29 20:48:49 [INFO]   / ____|/ ____|/ ____|
2026-08-29 20:48:49 [INFO]  | |    | (___ | |        [CSC] Version: v2.27.42
2026-08-29 20:48:49 [INFO]  | |     \___ \| |        Minecraft Version: 1.21.1 neoforge
2026-08-29 20:48:49 [INFO]  | |____ ____) | |____    Problem/Feedback: Discord: https://discord.gg/rQV5JPauY7
2026-08-29 20:48:49 [INFO]   \_____|_____/ \_____|
2026-08-29 20:48:49 [INFO]                        
2026-08-29 21:23:20 [INFO] CSC close completely, thanks for using!
2026-08-29 22:54:56 [INFO] CSC is loading...   Success！
2026-08-29 22:57:14 [INFO] CSC is loading...   Success！
2026-08-29 23:00:17 [INFO] CSC is loading...   Success！
2026-08-29 23:03:15 [INFO]    _____  _____  _____ 
2026-08-29 23:03:15 [INFO]   / ____|/ ____|/ ____|
2026-08-29 23:03:15 [INFO]  | |    | (___ | |        [CSC] Version: v2.27.42
2026-08-29 23:03:15 [INFO]  | |     \___ \| |        Minecraft Version: 1.21.1 neoforge
2026-08-29 23:03:15 [INFO]  | |____ ____) | |____    Problem/Feedback: Discord: https://discord.gg/rQV5JPauY7
2026-08-29 23:03:15 [INFO]   \_____|_____/ \_____|
2026-08-29 23:03:15 [INFO]                        
2026-08-29 23:57:45 [INFO] CSC close completely, thanks for using!
